Archive member included because of file (symbol)

c:/altera/13.1/nios2eds/bin/gnu/h-i686-mingw32/bin/../lib/gcc/nios2-elf/4.7.3/mno-hw-mul\libgcc.a(lib2-mul.o)
                              obj/default/main.o (__mulsi3)
c:/altera/13.1/nios2eds/bin/gnu/h-i686-mingw32/bin/../lib/gcc/nios2-elf/4.7.3/../../../../../H-i686-mingw32/nios2-elf/lib/mno-hw-mul\libc.a(lib_a-puts.o)
                              obj/default/main.o (puts)
c:/altera/13.1/nios2eds/bin/gnu/h-i686-mingw32/bin/../lib/gcc/nios2-elf/4.7.3/../../../../../H-i686-mingw32/nios2-elf/lib/mno-hw-mul\libc.a(lib_a-strlen.o)
                              c:/altera/13.1/nios2eds/bin/gnu/h-i686-mingw32/bin/../lib/gcc/nios2-elf/4.7.3/../../../../../H-i686-mingw32/nios2-elf/lib/mno-hw-mul\libc.a(lib_a-puts.o) (strlen)
c:/altera/13.1/nios2eds/bin/gnu/h-i686-mingw32/bin/../lib/gcc/nios2-elf/4.7.3/../../../../../H-i686-mingw32/nios2-elf/lib/mno-hw-mul\libc.a(lib_a-fvwrite.o)
                              c:/altera/13.1/nios2eds/bin/gnu/h-i686-mingw32/bin/../lib/gcc/nios2-elf/4.7.3/../../../../../H-i686-mingw32/nios2-elf/lib/mno-hw-mul\libc.a(lib_a-puts.o) (__sfvwrite_r)
c:/altera/13.1/nios2eds/bin/gnu/h-i686-mingw32/bin/../lib/gcc/nios2-elf/4.7.3/../../../../../H-i686-mingw32/nios2-elf/lib/mno-hw-mul\libc.a(lib_a-impure.o)
                              c:/altera/13.1/nios2eds/bin/gnu/h-i686-mingw32/bin/../lib/gcc/nios2-elf/4.7.3/../../../../../H-i686-mingw32/nios2-elf/lib/mno-hw-mul\libc.a(lib_a-puts.o) (_impure_ptr)
c:/altera/13.1/nios2eds/bin/gnu/h-i686-mingw32/bin/../lib/gcc/nios2-elf/4.7.3/../../../../../H-i686-mingw32/nios2-elf/lib/mno-hw-mul\libc.a(lib_a-mallocr.o)
                              c:/altera/13.1/nios2eds/bin/gnu/h-i686-mingw32/bin/../lib/gcc/nios2-elf/4.7.3/../../../../../H-i686-mingw32/nios2-elf/lib/mno-hw-mul\libc.a(lib_a-fvwrite.o) (_malloc_r)
c:/altera/13.1/nios2eds/bin/gnu/h-i686-mingw32/bin/../lib/gcc/nios2-elf/4.7.3/../../../../../H-i686-mingw32/nios2-elf/lib/mno-hw-mul\libc.a(lib_a-memchr.o)
                              c:/altera/13.1/nios2eds/bin/gnu/h-i686-mingw32/bin/../lib/gcc/nios2-elf/4.7.3/../../../../../H-i686-mingw32/nios2-elf/lib/mno-hw-mul\libc.a(lib_a-fvwrite.o) (memchr)
c:/altera/13.1/nios2eds/bin/gnu/h-i686-mingw32/bin/../lib/gcc/nios2-elf/4.7.3/../../../../../H-i686-mingw32/nios2-elf/lib/mno-hw-mul\libc.a(lib_a-memcpy.o)
                              c:/altera/13.1/nios2eds/bin/gnu/h-i686-mingw32/bin/../lib/gcc/nios2-elf/4.7.3/../../../../../H-i686-mingw32/nios2-elf/lib/mno-hw-mul\libc.a(lib_a-fvwrite.o) (memcpy)
c:/altera/13.1/nios2eds/bin/gnu/h-i686-mingw32/bin/../lib/gcc/nios2-elf/4.7.3/../../../../../H-i686-mingw32/nios2-elf/lib/mno-hw-mul\libc.a(lib_a-memmove.o)
                              c:/altera/13.1/nios2eds/bin/gnu/h-i686-mingw32/bin/../lib/gcc/nios2-elf/4.7.3/../../../../../H-i686-mingw32/nios2-elf/lib/mno-hw-mul\libc.a(lib_a-fvwrite.o) (memmove)
c:/altera/13.1/nios2eds/bin/gnu/h-i686-mingw32/bin/../lib/gcc/nios2-elf/4.7.3/../../../../../H-i686-mingw32/nios2-elf/lib/mno-hw-mul\libc.a(lib_a-reallocr.o)
                              c:/altera/13.1/nios2eds/bin/gnu/h-i686-mingw32/bin/../lib/gcc/nios2-elf/4.7.3/../../../../../H-i686-mingw32/nios2-elf/lib/mno-hw-mul\libc.a(lib_a-fvwrite.o) (_realloc_r)
c:/altera/13.1/nios2eds/bin/gnu/h-i686-mingw32/bin/../lib/gcc/nios2-elf/4.7.3/../../../../../H-i686-mingw32/nios2-elf/lib/mno-hw-mul\libc.a(lib_a-sbrkr.o)
                              c:/altera/13.1/nios2eds/bin/gnu/h-i686-mingw32/bin/../lib/gcc/nios2-elf/4.7.3/../../../../../H-i686-mingw32/nios2-elf/lib/mno-hw-mul\libc.a(lib_a-mallocr.o) (_sbrk_r)
c:/altera/13.1/nios2eds/bin/gnu/h-i686-mingw32/bin/../lib/gcc/nios2-elf/4.7.3/../../../../../H-i686-mingw32/nios2-elf/lib/mno-hw-mul\libc.a(lib_a-wsetup.o)
                              c:/altera/13.1/nios2eds/bin/gnu/h-i686-mingw32/bin/../lib/gcc/nios2-elf/4.7.3/../../../../../H-i686-mingw32/nios2-elf/lib/mno-hw-mul\libc.a(lib_a-fvwrite.o) (__swsetup_r)
c:/altera/13.1/nios2eds/bin/gnu/h-i686-mingw32/bin/../lib/gcc/nios2-elf/4.7.3/../../../../../H-i686-mingw32/nios2-elf/lib/mno-hw-mul\libc.a(lib_a-fflush.o)
                              c:/altera/13.1/nios2eds/bin/gnu/h-i686-mingw32/bin/../lib/gcc/nios2-elf/4.7.3/../../../../../H-i686-mingw32/nios2-elf/lib/mno-hw-mul\libc.a(lib_a-fvwrite.o) (_fflush_r)
c:/altera/13.1/nios2eds/bin/gnu/h-i686-mingw32/bin/../lib/gcc/nios2-elf/4.7.3/../../../../../H-i686-mingw32/nios2-elf/lib/mno-hw-mul\libc.a(lib_a-findfp.o)
                              c:/altera/13.1/nios2eds/bin/gnu/h-i686-mingw32/bin/../lib/gcc/nios2-elf/4.7.3/../../../../../H-i686-mingw32/nios2-elf/lib/mno-hw-mul\libc.a(lib_a-wsetup.o) (__sinit)
c:/altera/13.1/nios2eds/bin/gnu/h-i686-mingw32/bin/../lib/gcc/nios2-elf/4.7.3/../../../../../H-i686-mingw32/nios2-elf/lib/mno-hw-mul\libc.a(lib_a-freer.o)
[...]
Memory Configuration

Name             Origin             Length             Attributes
reset            0x00001000         0x00000020
onchip_memory2_0 0x00001020         0x00000fe0
*default*        0x00000000         0xffffffff

Linker script and memory map

LOAD ../gamee_bsp//obj/HAL/src/crt0.o
LOAD obj/default/main.o
LOAD c:/altera/13.1/nios2eds/bin/gnu/h-i686-mingw32/bin/../lib/gcc/nios2-elf/4.7.3/../../../../../H-i686-mingw32/nios2-elf/lib/mno-hw-mul\libstdc++.a
LOAD c:/altera/13.1/nios2eds/bin/gnu/h-i686-mingw32/bin/../lib/gcc/nios2-elf/4.7.3/../../../../../H-i686-mingw32/nios2-elf/lib/mno-hw-mul\libm.a
LOAD c:/altera/13.1/nios2eds/bin/gnu/h-i686-mingw32/bin/../lib/gcc/nios2-elf/4.7.3/mno-hw-mul\libgcc.a
START GROUP
LOAD c:/altera/13.1/nios2eds/bin/gnu/h-i686-mingw32/bin/../lib/gcc/nios2-elf/4.7.3/../../../../../H-i686-mingw32/nios2-elf/lib/mno-hw-mul\libc.a
LOAD c:/altera/13.1/nios2eds/bin/gnu/h-i686-mingw32/bin/../lib/gcc/nios2-elf/4.7.3/mno-hw-mul\libgcc.a
LOAD ../gamee_bsp/\libhal_bsp.a
END GROUP
LOAD c:/altera/13.1/nios2eds/bin/gnu/h-i686-mingw32/bin/../lib/gcc/nios2-elf/4.7.3/mno-hw-mul\libgcc.a
                0x00001000                __alt_mem_onchip_memory2_0 = 0x1000

.entry          0x00001000       0x20
 *(.entry)
 .entry         0x00001000       0x20 ../gamee_bsp//obj/HAL/src/crt0.o
                0x00001000                __reset

.exceptions     0x00001020      0x198
                0x00001020                PROVIDE (__ram_exceptions_start, ABSOLUTE (.))
                0x00001020                . = ALIGN (0x20)
 *(.irq)
 *(.exceptions.entry.label)
 .exceptions.entry.label
                0x00001020        0x0 ../gamee_bsp/\libhal_bsp.a(alt_irq_entry.o)
                0x00001020                alt_irq_entry
 .exceptions.entry.label
                0x00001020        0x0 ../gamee_bsp/\libhal_bsp.a(alt_exception_entry.o)
                0x00001020                alt_exception
 *(.exceptions.entry.user)
 *(.exceptions.entry.ecc_fatal)
 *(.exceptions.entry)
 .exceptions.entry
                0x00001020       0x54 ../gamee_bsp/\libhal_bsp.a(alt_exception_entry.o)
 *(.exceptions.irqtest.user)
 *(.exceptions.irqtest)
 .exceptions.irqtest
                0x00001074       0x10 ../gamee_bsp/\libhal_bsp.a(alt_irq_entry.o)
 *(.exceptions.irqhandler.user)
 *(.exceptions.irqhandler)
 .exceptions.irqhandler
                0x00001084        0x4 ../gamee_bsp/\libhal_bsp.a(alt_irq_entry.o)
 *(.exceptions.irqreturn.user)
 *(.exceptions.irqreturn)
 .exceptions.irqreturn
                0x00001088        0x4 ../gamee_bsp/\libhal_bsp.a(alt_irq_entry.o)
 *(.exceptions.notirq.label)
 .exceptions.notirq.label
                0x0000108c        0x0 ../gamee_bsp/\libhal_bsp.a(alt_irq_entry.o)
 *(.exceptions.notirq.user)
 *(.exceptions.notirq)
 .exceptions.notirq
                0x0000108c        0x8 ../gamee_bsp/\libhal_bsp.a(alt_exception_entry.o)
 *(.exceptions.soft.user)
 *(.exceptions.soft)
 *(.exceptions.unknown.user)
 *(.exceptions.unknown)
 .exceptions.unknown
                0x00001094        0x4 ../gamee_bsp/\libhal_bsp.a(alt_exception_entry.o)
 *(.exceptions.exit.label)
 .exceptions.exit.label
                0x00001098        0x0 ../gamee_bsp/\libhal_bsp.a(alt_irq_entry.o)
 .exceptions.exit.label
                0x00001098        0x0 ../gamee_bsp/\libhal_bsp.a(alt_exception_entry.o)
 *(.exceptions.exit.user)
 *(.exceptions.exit)
 .exceptions.exit
                0x00001098       0x54 ../gamee_bsp/\libhal_bsp.a(alt_exception_entry.o)
 *(.exceptions)
 .exceptions    0x000010ec       0xcc ../gamee_bsp/\libhal_bsp.a(alt_irq_handler.o)
                0x000010ec                alt_irq_handler
                0x000011b8                PROVIDE (__ram_exceptions_end, ABSOLUTE (.))
                0x00001020                PROVIDE (__flash_exceptions_start, LOADADDR (.exceptions))

.text           0x000011b8     0x5504
                0x000011b8                PROVIDE (stext, ABSOLUTE (.))
 *(.interp)
 *(.hash)
 *(.dynsym)
 *(.dynstr)
 *(.gnu.version)
 *(.gnu.version_d)
 *(.gnu.version_r)
 *(.rel.init)
 *(.rela.init)
 *(.rel.text .rel.text.* .rel.gnu.linkonce.t.*)
 *(.rela.text .rela.text.* .rela.gnu.linkonce.t.*)
 *(.rel.fini)
 *(.rela.fini)
 *(.rel.rodata .rel.rodata.* .rel.gnu.linkonce.r.*)
 *(.rela.rodata .rela.rodata.* .rela.gnu.linkonce.r.*)
 *(.rel.data .rel.data.* .rel.gnu.linkonce.d.*)
 *(.rela.data .rela.data.* .rela.gnu.linkonce.d.*)
 *(.rel.tdata .rel.tdata.* .rel.gnu.linkonce.td.*)
 *(.rela.tdata .rela.tdata.* .rela.gnu.linkonce.td.*)
 *(.rel.tbss .rel.tbss.* .rel.gnu.linkonce.tb.*)
 *(.rela.tbss .rela.tbss.* .rela.gnu.linkonce.tb.*)
 *(.rel.ctors)
 *(.rela.ctors)
 *(.rel.dtors)
 *(.rela.dtors)
 *(.rel.got)
 *(.rela.got)
 *(.rel.sdata .rel.sdata.* .rel.gnu.linkonce.s.*)
 *(.rela.sdata .rela.sdata.* .rela.gnu.linkonce.s.*)
 *(.rel.sbss .rel.sbss.* .rel.gnu.linkonce.sb.*)
 *(.rela.sbss .rela.sbss.* .rela.gnu.linkonce.sb.*)
 *(.rel.sdata2 .rel.sdata2.* .rel.gnu.linkonce.s2.*)
 *(.rela.sdata2 .rela.sdata2.* .rela.gnu.linkonce.s2.*)
 *(.rel.sbss2 .rel.sbss2.* .rel.gnu.linkonce.sb2.*)
 *(.rela.sbss2 .rela.sbss2.* .rela.gnu.linkonce.sb2.*)
 *(.rel.bss .rel.bss.* .rel.gnu.linkonce.b.*)
 *(.rela.bss .rela.bss.* .rela.gnu.linkonce.b.*)
 *(.rel.plt)
 *(.rela.plt)
 *(.rel.dyn)
 *(.init)
 *(.plt)
 *(.text .stub .text.* .gnu.linkonce.t.*)
 .text          0x000011b8       0x3c ../gamee_bsp//obj/HAL/src/crt0.o
                0x000011b8                _start
 .text          0x000011f4      0x2d8 obj/default/main.o
                0x000011f4                delay
                0x00001248                clamp
                0x0000129c                update_paddles
                0x00001318                update_ball
                0x0000145c                main
 .text          0x000014cc       0x28 c:/altera/13.1/nios2eds/bin/gnu/h-i686-mingw32/bin/../lib/gcc/nios2-elf/4.7.3/mno-hw-mul\libgcc.a(lib2-mul.o)
                0x000014cc                __mulsi3
 .text          0x000014f4       0x98 c:/altera/13.1/nios2eds/bin/gnu/h-i686-mingw32/bin/../lib/gcc/nios2-elf/4.7.3/../../../../../H-i686-mingw32/nios2-elf/lib/mno-hw-mul\libc.a(lib_a-puts.o)
                0x000014f4                _puts_r
                0x00001578                puts
 .text          0x0000158c       0x8c c:/altera/13.1/nios2eds/bin/gnu/h-i686-mingw32/bin/../lib/gcc/nios2-elf/4.7.3/../../../../../H-i686-mingw32/nios2-elf/lib/mno-hw-mul\libc.a(lib_a-strlen.o)
                0x0000158c                strlen
 .text          0x00001618      0x4e4 c:/altera/13.1/nios2eds/bin/gnu/h-i686-mingw32/bin/../lib/gcc/nios2-elf/4.7.3/../../../../../H-i686-mingw32/nios2-elf/lib/mno-hw-mul\libc.a(lib_a-fvwrite.o)
                0x00001618                __sfvwrite_r
 .text          0x00001afc        0x0 c:/altera/13.1/nios2eds/bin/gnu/h-i686-mingw32/bin/../lib/gcc/nios2-elf/4.7.3/../../../../../H-i686-mingw32/nios2-elf/lib/mno-hw-mul\libc.a(lib_a-impure.o)
 .text          0x00001afc      0x784 c:/altera/13.1/nios2eds/bin/gnu/h-i686-mingw32/bin/../lib/gcc/nios2-elf/4.7.3/../../../../../H-i686-mingw32/nios2-elf/lib/mno-hw-mul\libc.a(lib_a-mallocr.o)
                0x00001afc                _malloc_r
 .text          0x00002280       0xf8 c:/altera/13.1/nios2eds/bin/gnu/h-i686-mingw32/bin/../lib/gcc/nios2-elf/4.7.3/../../../../../H-i686-mingw32/nios2-elf/lib/mno-hw-mul\libc.a(lib_a-memchr.o)
                0x00002280                memchr
 .text          0x00002378      0x140 c:/altera/13.1/nios2eds/bin/gnu/h-i686-mingw32/bin/../lib/gcc/nios2-elf/4.7.3/../../../../../H-i686-mingw32/nios2-elf/lib/mno-hw-mul\libc.a(lib_a-memcpy.o)
                0x00002378                memcpy
 .text          0x000024b8      0x18c c:/altera/13.1/nios2eds/bin/gnu/h-i686-mingw32/bin/../lib/gcc/nios2-elf/4.7.3/../../../../../H-i686-mingw32/nios2-elf/lib/mno-hw-mul\libc.a(lib_a-memmove.o)
                0x000024b8                memmove
 .text          0x00002644      0x5fc c:/altera/13.1/nios2eds/bin/gnu/h-i686-mingw32/bin/../lib/gcc/nios2-elf/4.7.3/../../../../../H-i686-mingw32/nios2-elf/lib/mno-hw-mul\libc.a(lib_a-reallocr.o)
                0x00002644                _realloc_r
 .text          0x00002c40       0x64 c:/altera/13.1/nios2eds/bin/gnu/h-i686-mingw32/bin/../lib/gcc/nios2-elf/4.7.3/../../../../../H-i686-mingw32/nios2-elf/lib/mno-hw-mul\libc.a(lib_a-sbrkr.o)
                0x00002c40                _sbrk_r
 .text          0x00002ca4      0x174 c:/altera/13.1/nios2eds/bin/gnu/h-i686-mingw32/bin/../lib/gcc/nios2-elf/4.7.3/../../../../../H-i686-mingw32/nios2-elf/lib/mno-hw-mul\libc.a(lib_a-wsetup.o)
                0x00002ca4                __swsetup_r
 .text          0x00002e18      0x218 c:/altera/13.1/nios2eds/bin/gnu/h-i686-mingw32/bin/../lib/gcc/nios2-elf/4.7.3/../../../../../H-i686-mingw32/nios2-elf/lib/mno-hw-mul\libc.a(lib_a-fflush.o)
                0x00002e18                _fflush_r
                0x00003000                fflush
 .text          0x00003030      0x2ec c:/altera/13.1/nios2eds/bin/gnu/h-i686-mingw32/bin/../lib/gcc/nios2-elf/4.7.3/../../../../../H-i686-mingw32/nios2-elf/lib/mno-hw-mul\libc.a(lib_a-findfp.o)
                0x00003040                _cleanup_r
                0x0000304c                __sfmoreglue
                0x000030c4                _cleanup
                0x000030d4                __sinit
                0x000031e0                __sfp
                0x000032dc                __sfp_lock_acquire
                0x000032e0                __sfp_lock_release
                0x000032e4                __sinit_lock_acquire
                0x000032e8                __sinit_lock_release
                0x000032ec                __fp_lock_all
                0x00003304                __fp_unlock_all
 .text          0x0000331c      0x40c c:/altera/13.1/nios2eds/bin/gnu/h-i686-mingw32/bin/../lib/gcc/nios2-elf/4.7.3/../../../../../H-i686-mingw32/nios2-elf/lib/mno-hw-mul\libc.a(lib_a-freer.o)
                0x0000331c                _malloc_trim_r
                0x00003458                _free_r
 .text          0x00003728      0x160 c:/altera/13.1/nios2eds/bin/gnu/h-i686-mingw32/bin/../lib/gcc/nios2-elf/4.7.3/../../../../../H-i686-mingw32/nios2-elf/lib/mno-hw-mul\libc.a(lib_a-fwalk.o)
                0x00003728                _fwalk
                0x000037d0                _fwalk_reent
 .text          0x00003888        0x0 c:/altera/13.1/nios2eds/bin/gnu/h-i686-mingw32/bin/../lib/gcc/nios2-elf/4.7.3/../../../../../H-i686-mingw32/nios2-elf/lib/mno-hw-mul\libc.a(lib_a-int_errno.o)
 .text          0x00003888      0x1a8 c:/altera/13.1/nios2eds/bin/gnu/h-i686-mingw32/bin/../lib/gcc/nios2-elf/4.7.3/../../../../../H-i686-mingw32/nios2-elf/lib/mno-hw-mul\libc.a(lib_a-makebuf.o)
                0x00003888                __smakebuf_r
 .text          0x00003a30       0xdc c:/altera/13.1/nios2eds/bin/gnu/h-i686-mingw32/bin/../lib/gcc/nios2-elf/4.7.3/../../../../../H-i686-mingw32/nios2-elf/lib/mno-hw-mul\libc.a(lib_a-memset.o)
                0x00003a30                memset
 .text          0x00003b0c      0x140 c:/altera/13.1/nios2eds/bin/gnu/h-i686-mingw32/bin/../lib/gcc/nios2-elf/4.7.3/../../../../../H-i686-mingw32/nios2-elf/lib/mno-hw-mul\libc.a(lib_a-stdio.o)
                0x00003b0c                __sread
                0x00003b60                __swrite
                0x00003be8                __sseek
                0x00003c44                __sclose
 .text          0x00003c4c       0x6c c:/altera/13.1/nios2eds/bin/gnu/h-i686-mingw32/bin/../lib/gcc/nios2-elf/4.7.3/../../../../../H-i686-mingw32/nios2-elf/lib/mno-hw-mul\libc.a(lib_a-writer.o)
                0x00003c4c                _write_r
 .text          0x00003cb8       0x64 c:/altera/13.1/nios2eds/bin/gnu/h-i686-mingw32/bin/../lib/gcc/nios2-elf/4.7.3/../../../../../H-i686-mingw32/nios2-elf/lib/mno-hw-mul\libc.a(lib_a-closer.o)
                0x00003cb8                _close_r
 .text          0x00003d1c      0x150 c:/altera/13.1/nios2eds/bin/gnu/h-i686-mingw32/bin/../lib/gcc/nios2-elf/4.7.3/../../../../../H-i686-mingw32/nios2-elf/lib/mno-hw-mul\libc.a(lib_a-fclose.o)
                0x00003d1c                _fclose_r
                0x00003e58                fclose
 .text          0x00003e6c       0x68 c:/altera/13.1/nios2eds/bin/gnu/h-i686-mingw32/bin/../lib/gcc/nios2-elf/4.7.3/../../../../../H-i686-mingw32/nios2-elf/lib/mno-hw-mul\libc.a(lib_a-fstatr.o)
                0x00003e6c                _fstat_r
 .text          0x00003ed4       0x64 c:/altera/13.1/nios2eds/bin/gnu/h-i686-mingw32/bin/../lib/gcc/nios2-elf/4.7.3/../../../../../H-i686-mingw32/nios2-elf/lib/mno-hw-mul\libc.a(lib_a-isattyr.o)
                0x00003ed4                _isatty_r
 .text          0x00003f38       0x6c c:/altera/13.1/nios2eds/bin/gnu/h-i686-mingw32/bin/../lib/gcc/nios2-elf/4.7.3/../../../../../H-i686-mingw32/nios2-elf/lib/mno-hw-mul\libc.a(lib_a-lseekr.o)
                0x00003f38                _lseek_r
 .text          0x00003fa4       0x6c c:/altera/13.1/nios2eds/bin/gnu/h-i686-mingw32/bin/../lib/gcc/nios2-elf/4.7.3/../../../../../H-i686-mingw32/nios2-elf/lib/mno-hw-mul\libc.a(lib_a-readr.o)
                0x00003fa4                _read_r
 .text          0x00004010      0x11c ../gamee_bsp/\libhal_bsp.a(alt_close.o)
                0x00004060                close
 .text          0x0000412c       0x2c ../gamee_bsp/\libhal_bsp.a(alt_dev.o)
 .text          0x00004158        0x0 ../gamee_bsp/\libhal_bsp.a(alt_errno.o)
 .text          0x00004158      0x100 ../gamee_bsp/\libhal_bsp.a(alt_fstat.o)
                0x000041a8                fstat
 .text          0x00004258       0xf4 ../gamee_bsp/\libhal_bsp.a(alt_isatty.o)
                0x000042a8                isatty
 .text          0x0000434c       0xec ../gamee_bsp/\libhal_bsp.a(alt_load.o)
                0x000043b8                alt_load
 .text          0x00004438      0x124 ../gamee_bsp/\libhal_bsp.a(alt_lseek.o)
                0x00004488                lseek
 .text          0x0000455c       0x78 ../gamee_bsp/\libhal_bsp.a(alt_main.o)
                0x0000455c                alt_main
 .text          0x000045d4       0x40 ../gamee_bsp/\libhal_bsp.a(alt_malloc_lock.o)
                0x000045d4                __malloc_lock
                0x000045f4                __malloc_unlock
 .text          0x00004614      0x144 ../gamee_bsp/\libhal_bsp.a(alt_read.o)
                0x00004664                read
 .text          0x00004758       0x80 ../gamee_bsp/\libhal_bsp.a(alt_release_fd.o)
                0x00004758                alt_release_fd
 .text          0x000047d8       0xb0 ../gamee_bsp/\libhal_bsp.a(alt_sbrk.o)
                0x000047d8                sbrk
 .text          0x00004888      0x140 ../gamee_bsp/\libhal_bsp.a(alt_write.o)
                0x000048d8                write
 .text          0x000049c8       0xb0 ../gamee_bsp/\libhal_bsp.a(alt_sys_init.o)
                0x00004a00                alt_irq_init
                0x00004a34                alt_sys_init
 .text          0x00004a78      0x164 ../gamee_bsp/\libhal_bsp.a(altera_avalon_jtag_uart_fd.o)
                0x00004a78                altera_avalon_jtag_uart_read_fd
                0x00004ad8                altera_avalon_jtag_uart_write_fd
                0x00004b38                altera_avalon_jtag_uart_close_fd
                0x00004b88                altera_avalon_jtag_uart_ioctl_fd
 .text          0x00004bdc      0x3d0 ../gamee_bsp/\libhal_bsp.a(altera_avalon_jtag_uart_init.o)
                0x00004bdc                altera_avalon_jtag_uart_init
                0x00004f44                altera_avalon_jtag_uart_close
 .text          0x00004fac       0xf4 ../gamee_bsp/\libhal_bsp.a(altera_avalon_jtag_uart_ioctl.o)
                0x00004fac                altera_avalon_jtag_uart_ioctl
 .text          0x000050a0      0x218 ../gamee_bsp/\libhal_bsp.a(altera_avalon_jtag_uart_read.o)
                0x000050a0                altera_avalon_jtag_uart_read
 .text          0x000052b8      0x224 ../gamee_bsp/\libhal_bsp.a(altera_avalon_jtag_uart_write.o)
                0x000052b8                altera_avalon_jtag_uart_write
 .text          0x000054dc      0x140 ../gamee_bsp/\libhal_bsp.a(alt_alarm_start.o)
                0x000054dc                alt_alarm_start
 .text          0x0000561c       0x1c ../gamee_bsp/\libhal_bsp.a(alt_dcache_flush_all.o)
                0x0000561c                alt_dcache_flush_all
 .text          0x00005638       0xf0 ../gamee_bsp/\libhal_bsp.a(alt_dev_llist_insert.o)
                0x00005688                alt_dev_llist_insert
 .text          0x00005728       0x5c ../gamee_bsp/\libhal_bsp.a(alt_do_ctors.o)
                0x00005728                _do_ctors
 .text          0x00005784       0x5c ../gamee_bsp/\libhal_bsp.a(alt_do_dtors.o)
                0x00005784                _do_dtors
 .text          0x000057e0       0x1c ../gamee_bsp/\libhal_bsp.a(alt_icache_flush_all.o)
                0x000057e0                alt_icache_flush_all
 .text          0x000057fc      0x1d8 ../gamee_bsp/\libhal_bsp.a(alt_iic.o)
                0x000057fc                alt_ic_isr_register
                0x0000584c                alt_ic_irq_enable
                0x000058e8                alt_ic_irq_disable
                0x00005988                alt_ic_irq_enabled
 .text          0x000059d4       0xf0 ../gamee_bsp/\libhal_bsp.a(alt_iic_isr_register.o)
                0x000059d4                alt_iic_isr_register
 .text          0x00005ac4      0x158 ../gamee_bsp/\libhal_bsp.a(alt_io_redirect.o)
                0x00005ba4                alt_io_redirect
 .text          0x00005c1c        0x0 ../gamee_bsp/\libhal_bsp.a(alt_irq_entry.o)
 .text          0x00005c1c        0x0 ../gamee_bsp/\libhal_bsp.a(alt_irq_handler.o)
 .text          0x00005c1c        0x0 ../gamee_bsp/\libhal_bsp.a(alt_irq_vars.o)
 .text          0x00005c1c      0x298 ../gamee_bsp/\libhal_bsp.a(alt_open.o)
                0x00005d5c                open
 .text          0x00005eb4      0x19c ../gamee_bsp/\libhal_bsp.a(alt_tick.o)
                0x00005eb4                alt_alarm_stop
                0x00005f4c                alt_tick
 .text          0x00006050       0x20 ../gamee_bsp/\libhal_bsp.a(altera_nios2_qsys_irq.o)
                0x00006050                altera_nios2_qsys_irq_init
 .text          0x00006070        0x0 ../gamee_bsp/\libhal_bsp.a(alt_exception_entry.o)
 .text          0x00006070       0x90 ../gamee_bsp/\libhal_bsp.a(alt_find_dev.o)
                0x00006070                alt_find_dev
 .text          0x00006100      0x114 ../gamee_bsp/\libhal_bsp.a(alt_find_file.o)
                0x00006100                alt_find_file
 .text          0x00006214       0xd4 ../gamee_bsp/\libhal_bsp.a(alt_get_fd.o)
                0x00006214                alt_get_fd
 .text          0x000062e8       0x14 c:/altera/13.1/nios2eds/bin/gnu/h-i686-mingw32/bin/../lib/gcc/nios2-elf/4.7.3/../../../../../H-i686-mingw32/nios2-elf/lib/mno-hw-mul\libc.a(lib_a-atexit.o)
                0x000062e8                atexit
 .text          0x000062fc       0x38 c:/altera/13.1/nios2eds/bin/gnu/h-i686-mingw32/bin/../lib/gcc/nios2-elf/4.7.3/../../../../../H-i686-mingw32/nios2-elf/lib/mno-hw-mul\libc.a(lib_a-exit.o)
                0x000062fc                exit
 .text          0x00006334       0x7c c:/altera/13.1/nios2eds/bin/gnu/h-i686-mingw32/bin/../lib/gcc/nios2-elf/4.7.3/../../../../../H-i686-mingw32/nios2-elf/lib/mno-hw-mul\libc.a(lib_a-memcmp.o)
                0x00006334                memcmp
 .text          0x000063b0      0x130 c:/altera/13.1/nios2eds/bin/gnu/h-i686-mingw32/bin/../lib/gcc/nios2-elf/4.7.3/../../../../../H-i686-mingw32/nios2-elf/lib/mno-hw-mul\libc.a(lib_a-__atexit.o)
                0x000063b0                __register_exitproc
 .text          0x000064e0      0x1a0 c:/altera/13.1/nios2eds/bin/gnu/h-i686-mingw32/bin/../lib/gcc/nios2-elf/4.7.3/../../../../../H-i686-mingw32/nios2-elf/lib/mno-hw-mul\libc.a(lib_a-__call_atexit.o)
                0x000064e0                __call_exitprocs
 .text          0x00006680       0x3c ../gamee_bsp/\libhal_bsp.a(alt_exit.o)
                0x00006680                _exit
 *(.gnu.warning.*)
 *(.fini)
                0x000066bc                PROVIDE (__etext, ABSOLUTE (.))
                0x000066bc                PROVIDE (_etext, ABSOLUTE (.))
                0x000066bc                PROVIDE (etext, ABSOLUTE (.))
 *(.eh_frame_hdr)
                0x000066bc                . = ALIGN (0x4)
                0x000066bc                PROVIDE (__preinit_array_start, ABSOLUTE (.))
 *(.preinit_array)
                0x000066bc                PROVIDE (__preinit_array_end, ABSOLUTE (.))
                0x000066bc                PROVIDE (__init_array_start, ABSOLUTE (.))
 *(.init_array)
                0x000066bc                PROVIDE (__init_array_end, ABSOLUTE (.))
                0x000066bc                PROVIDE (__fini_array_start, ABSOLUTE (.))
 *(.fini_array)
                0x000066bc                PROVIDE (__fini_array_end, ABSOLUTE (.))
 *(.eh_frame)
 *(.gcc_except_table .gcc_except_table.*)
 *(.dynamic)
                0x000066bc                PROVIDE (__CTOR_LIST__, ABSOLUTE (.))
 *(.ctors)
 *(SORT(.ctors.*))
                0x000066bc                PROVIDE (__CTOR_END__, ABSOLUTE (.))
                0x000066bc                PROVIDE (__DTOR_LIST__, ABSOLUTE (.))
 *(.dtors)
 *(SORT(.dtors.*))
                0x000066bc                PROVIDE (__DTOR_END__, ABSOLUTE (.))
 *(.jcr)
                0x000066bc                . = ALIGN (0x4)

.rodata         0x000066bc       0x60
                0x000066bc                PROVIDE (__ram_rodata_start, ABSOLUTE (.))
                0x000066bc                . = ALIGN (0x4)
 *(.rodata .rodata.* .gnu.linkonce.r.*)
 .rodata        0x000066bc       0x24 obj/default/main.o
 .rodata.str1.4
                0x000066e0        0x2 c:/altera/13.1/nios2eds/bin/gnu/h-i686-mingw32/bin/../lib/gcc/nios2-elf/4.7.3/../../../../../H-i686-mingw32/nios2-elf/lib/mno-hw-mul\libc.a(lib_a-puts.o)
                                  0x4 (size before relaxing)
 *fill*         0x000066e2        0x2 
 .rodata.str1.4
                0x000066e4        0x4 c:/altera/13.1/nios2eds/bin/gnu/h-i686-mingw32/bin/../lib/gcc/nios2-elf/4.7.3/../../../../../H-i686-mingw32/nios2-elf/lib/mno-hw-mul\libc.a(lib_a-impure.o)
 .rodata        0x000066e8        0xc ../gamee_bsp/\libhal_bsp.a(alt_dev.o)
 .rodata        0x000066f4       0x14 ../gamee_bsp/\libhal_bsp.a(alt_main.o)
 .rodata        0x00006708       0x14 ../gamee_bsp/\libhal_bsp.a(alt_sys_init.o)
 *(.rodata1)
                0x0000671c                . = ALIGN (0x4)
                0x0000671c                PROVIDE (__ram_rodata_end, ABSOLUTE (.))
                0x000066bc                PROVIDE (__flash_rodata_start, LOADADDR (.rodata))

.rwdata         0x0000671c     0x1a60 load address 0x0000817c
                0x0000671c                PROVIDE (__ram_rwdata_start, ABSOLUTE (.))
                0x0000671c                . = ALIGN (0x4)
 *(.got.plt)
 *(.got)
 *(.data1)
 *(.data .data.* .gnu.linkonce.d.*)
 .data          0x0000671c        0x0 ../gamee_bsp//obj/HAL/src/crt0.o
 .data          0x0000671c        0x0 obj/default/main.o
 .data          0x0000671c        0x0 c:/altera/13.1/nios2eds/bin/gnu/h-i686-mingw32/bin/../lib/gcc/nios2-elf/4.7.3/mno-hw-mul\libgcc.a(lib2-mul.o)
 .data          0x0000671c        0x0 c:/altera/13.1/nios2eds/bin/gnu/h-i686-mingw32/bin/../lib/gcc/nios2-elf/4.7.3/../../../../../H-i686-mingw32/nios2-elf/lib/mno-hw-mul\libc.a(lib_a-puts.o)
 .data          0x0000671c        0x0 c:/altera/13.1/nios2eds/bin/gnu/h-i686-mingw32/bin/../lib/gcc/nios2-elf/4.7.3/../../../../../H-i686-mingw32/nios2-elf/lib/mno-hw-mul\libc.a(lib_a-strlen.o)
 .data          0x0000671c        0x0 c:/altera/13.1/nios2eds/bin/gnu/h-i686-mingw32/bin/../lib/gcc/nios2-elf/4.7.3/../../../../../H-i686-mingw32/nios2-elf/lib/mno-hw-mul\libc.a(lib_a-fvwrite.o)
 .data          0x0000671c      0x400 c:/altera/13.1/nios2eds/bin/gnu/h-i686-mingw32/bin/../lib/gcc/nios2-elf/4.7.3/../../../../../H-i686-mingw32/nios2-elf/lib/mno-hw-mul\libc.a(lib_a-impure.o)
 .data          0x00006b1c      0x408 c:/altera/13.1/nios2eds/bin/gnu/h-i686-mingw32/bin/../lib/gcc/nios2-elf/4.7.3/../../../../../H-i686-mingw32/nios2-elf/lib/mno-hw-mul\libc.a(lib_a-mallocr.o)
                0x00006b1c                __malloc_av_
 .data          0x00006f24        0x0 c:/altera/13.1/nios2eds/bin/gnu/h-i686-mingw32/bin/../lib/gcc/nios2-elf/4.7.3/../../../../../H-i686-mingw32/nios2-elf/lib/mno-hw-mul\libc.a(lib_a-memchr.o)
 .data          0x00006f24        0x0 c:/altera/13.1/nios2eds/bin/gnu/h-i686-mingw32/bin/../lib/gcc/nios2-elf/4.7.3/../../../../../H-i686-mingw32/nios2-elf/lib/mno-hw-mul\libc.a(lib_a-memcpy.o)
 .data          0x00006f24        0x0 c:/altera/13.1/nios2eds/bin/gnu/h-i686-mingw32/bin/../lib/gcc/nios2-elf/4.7.3/../../../../../H-i686-mingw32/nios2-elf/lib/mno-hw-mul\libc.a(lib_a-memmove.o)
 .data          0x00006f24        0x0 c:/altera/13.1/nios2eds/bin/gnu/h-i686-mingw32/bin/../lib/gcc/nios2-elf/4.7.3/../../../../../H-i686-mingw32/nios2-elf/lib/mno-hw-mul\libc.a(lib_a-reallocr.o)
 .data          0x00006f24        0x0 c:/altera/13.1/nios2eds/bin/gnu/h-i686-mingw32/bin/../lib/gcc/nios2-elf/4.7.3/../../../../../H-i686-mingw32/nios2-elf/lib/mno-hw-mul\libc.a(lib_a-sbrkr.o)
 .data          0x00006f24        0x0 c:/altera/13.1/nios2eds/bin/gnu/h-i686-mingw32/bin/../lib/gcc/nios2-elf/4.7.3/../../../../../H-i686-mingw32/nios2-elf/lib/mno-hw-mul\libc.a(lib_a-wsetup.o)
 .data          0x00006f24        0x0 c:/altera/13.1/nios2eds/bin/gnu/h-i686-mingw32/bin/../lib/gcc/nios2-elf/4.7.3/../../../../../H-i686-mingw32/nios2-elf/lib/mno-hw-mul\libc.a(lib_a-fflush.o)
 .data          0x00006f24        0x0 c:/altera/13.1/nios2eds/bin/gnu/h-i686-mingw32/bin/../lib/gcc/nios2-elf/4.7.3/../../../../../H-i686-mingw32/nios2-elf/lib/mno-hw-mul\libc.a(lib_a-findfp.o)
 .data          0x00006f24        0x0 c:/altera/13.1/nios2eds/bin/gnu/h-i686-mingw32/bin/../lib/gcc/nios2-elf/4.7.3/../../../../../H-i686-mingw32/nios2-elf/lib/mno-hw-mul\libc.a(lib_a-freer.o)
 .data          0x00006f24        0x0 c:/altera/13.1/nios2eds/bin/gnu/h-i686-mingw32/bin/../lib/gcc/nios2-elf/4.7.3/../../../../../H-i686-mingw32/nios2-elf/lib/mno-hw-mul\libc.a(lib_a-fwalk.o)
 .data          0x00006f24        0x0 c:/altera/13.1/nios2eds/bin/gnu/h-i686-mingw32/bin/../lib/gcc/nios2-elf/4.7.3/../../../../../H-i686-mingw32/nios2-elf/lib/mno-hw-mul\libc.a(lib_a-int_errno.o)
 .data          0x00006f24        0x0 c:/altera/13.1/nios2eds/bin/gnu/h-i686-mingw32/bin/../lib/gcc/nios2-elf/4.7.3/../../../../../H-i686-mingw32/nios2-elf/lib/mno-hw-mul\libc.a(lib_a-makebuf.o)
 .data          0x00006f24        0x0 c:/altera/13.1/nios2eds/bin/gnu/h-i686-mingw32/bin/../lib/gcc/nios2-elf/4.7.3/../../../../../H-i686-mingw32/nios2-elf/lib/mno-hw-mul\libc.a(lib_a-memset.o)
 .data          0x00006f24        0x0 c:/altera/13.1/nios2eds/bin/gnu/h-i686-mingw32/bin/../lib/gcc/nios2-elf/4.7.3/../../../../../H-i686-mingw32/nios2-elf/lib/mno-hw-mul\libc.a(lib_a-stdio.o)
 .data          0x00006f24        0x0 c:/altera/13.1/nios2eds/bin/gnu/h-i686-mingw32/bin/../lib/gcc/nios2-elf/4.7.3/../../../../../H-i686-mingw32/nios2-elf/lib/mno-hw-mul\libc.a(lib_a-writer.o)
 .data          0x00006f24        0x0 c:/altera/13.1/nios2eds/bin/gnu/h-i686-mingw32/bin/../lib/gcc/nios2-elf/4.7.3/../../../../../H-i686-mingw32/nios2-elf/lib/mno-hw-mul\libc.a(lib_a-closer.o)
 .data          0x00006f24        0x0 c:/altera/13.1/nios2eds/bin/gnu/h-i686-mingw32/bin/../lib/gcc/nios2-elf/4.7.3/../../../../../H-i686-mingw32/nios2-elf/lib/mno-hw-mul\libc.a(lib_a-fclose.o)
 .data          0x00006f24        0x0 c:/altera/13.1/nios2eds/bin/gnu/h-i686-mingw32/bin/../lib/gcc/nios2-elf/4.7.3/../../../../../H-i686-mingw32/nios2-elf/lib/mno-hw-mul\libc.a(lib_a-fstatr.o)
 .data          0x00006f24        0x0 c:/altera/13.1/nios2eds/bin/gnu/h-i686-mingw32/bin/../lib/gcc/nios2-elf/4.7.3/../../../../../H-i686-mingw32/nios2-elf/lib/mno-hw-mul\libc.a(lib_a-isattyr.o)
 .data          0x00006f24        0x0 c:/altera/13.1/nios2eds/bin/gnu/h-i686-mingw32/bin/../lib/gcc/nios2-elf/4.7.3/../../../../../H-i686-mingw32/nios2-elf/lib/mno-hw-mul\libc.a(lib_a-lseekr.o)
 .data          0x00006f24        0x0 c:/altera/13.1/nios2eds/bin/gnu/h-i686-mingw32/bin/../lib/gcc/nios2-elf/4.7.3/../../../../../H-i686-mingw32/nios2-elf/lib/mno-hw-mul\libc.a(lib_a-readr.o)
 .data          0x00006f24        0x0 ../gamee_bsp/\libhal_bsp.a(alt_close.o)
 .data          0x00006f24      0x1a8 ../gamee_bsp/\libhal_bsp.a(alt_dev.o)
                0x00006f24                alt_dev_null
                0x00006f4c                alt_fd_list
 .data          0x000070cc        0x0 ../gamee_bsp/\libhal_bsp.a(alt_errno.o)
 .data          0x000070cc        0x0 ../gamee_bsp/\libhal_bsp.a(alt_fstat.o)
 .data          0x000070cc        0x0 ../gamee_bsp/\libhal_bsp.a(alt_isatty.o)
 .data          0x000070cc        0x0 ../gamee_bsp/\libhal_bsp.a(alt_load.o)
 .data          0x000070cc        0x0 ../gamee_bsp/\libhal_bsp.a(alt_lseek.o)
 .data          0x000070cc        0x0 ../gamee_bsp/\libhal_bsp.a(alt_main.o)
 .data          0x000070cc        0x0 ../gamee_bsp/\libhal_bsp.a(alt_malloc_lock.o)
 .data          0x000070cc        0x0 ../gamee_bsp/\libhal_bsp.a(alt_read.o)
 .data          0x000070cc        0x0 ../gamee_bsp/\libhal_bsp.a(alt_release_fd.o)
 .data          0x000070cc        0x0 ../gamee_bsp/\libhal_bsp.a(alt_sbrk.o)
 .data          0x000070cc        0x0 ../gamee_bsp/\libhal_bsp.a(alt_write.o)
 .data          0x000070cc     0x1060 ../gamee_bsp/\libhal_bsp.a(alt_sys_init.o)
 .data          0x0000812c        0x0 ../gamee_bsp/\libhal_bsp.a(altera_avalon_jtag_uart_fd.o)
 .data          0x0000812c        0x0 ../gamee_bsp/\libhal_bsp.a(altera_avalon_jtag_uart_init.o)
 .data          0x0000812c        0x0 ../gamee_bsp/\libhal_bsp.a(altera_avalon_jtag_uart_ioctl.o)
 .data          0x0000812c        0x0 ../gamee_bsp/\libhal_bsp.a(altera_avalon_jtag_uart_read.o)
 .data          0x0000812c        0x0 ../gamee_bsp/\libhal_bsp.a(altera_avalon_jtag_uart_write.o)
 .data          0x0000812c        0x0 ../gamee_bsp/\libhal_bsp.a(alt_alarm_start.o)
 .data          0x0000812c        0x0 ../gamee_bsp/\libhal_bsp.a(alt_dcache_flush_all.o)
 .data          0x0000812c        0x0 ../gamee_bsp/\libhal_bsp.a(alt_dev_llist_insert.o)
 .data          0x0000812c        0x0 ../gamee_bsp/\libhal_bsp.a(alt_do_ctors.o)
 .data          0x0000812c        0x0 ../gamee_bsp/\libhal_bsp.a(alt_do_dtors.o)
 .data          0x0000812c        0x0 ../gamee_bsp/\libhal_bsp.a(alt_icache_flush_all.o)
 .data          0x0000812c        0x0 ../gamee_bsp/\libhal_bsp.a(alt_iic.o)
 .data          0x0000812c        0x0 ../gamee_bsp/\libhal_bsp.a(alt_iic_isr_register.o)
 .data          0x0000812c        0x0 ../gamee_bsp/\libhal_bsp.a(alt_io_redirect.o)
 .data          0x0000812c        0x0 ../gamee_bsp/\libhal_bsp.a(alt_irq_entry.o)
 .data          0x0000812c        0x0 ../gamee_bsp/\libhal_bsp.a(alt_irq_handler.o)
 .data          0x0000812c        0x0 ../gamee_bsp/\libhal_bsp.a(alt_irq_vars.o)
 .data          0x0000812c        0x0 ../gamee_bsp/\libhal_bsp.a(alt_open.o)
 .data          0x0000812c        0x0 ../gamee_bsp/\libhal_bsp.a(alt_tick.o)
 .data          0x0000812c        0x0 ../gamee_bsp/\libhal_bsp.a(altera_nios2_qsys_irq.o)
 .data          0x0000812c        0x0 ../gamee_bsp/\libhal_bsp.a(alt_exception_entry.o)
 .data          0x0000812c        0x0 ../gamee_bsp/\libhal_bsp.a(alt_find_dev.o)
 .data          0x0000812c        0x0 ../gamee_bsp/\libhal_bsp.a(alt_find_file.o)
 .data          0x0000812c        0x0 ../gamee_bsp/\libhal_bsp.a(alt_get_fd.o)
 .data          0x0000812c        0x0 c:/altera/13.1/nios2eds/bin/gnu/h-i686-mingw32/bin/../lib/gcc/nios2-elf/4.7.3/../../../../../H-i686-mingw32/nios2-elf/lib/mno-hw-mul\libc.a(lib_a-atexit.o)
 .data          0x0000812c        0x0 c:/altera/13.1/nios2eds/bin/gnu/h-i686-mingw32/bin/../lib/gcc/nios2-elf/4.7.3/../../../../../H-i686-mingw32/nios2-elf/lib/mno-hw-mul\libc.a(lib_a-exit.o)
 .data          0x0000812c        0x0 c:/altera/13.1/nios2eds/bin/gnu/h-i686-mingw32/bin/../lib/gcc/nios2-elf/4.7.3/../../../../../H-i686-mingw32/nios2-elf/lib/mno-hw-mul\libc.a(lib_a-memcmp.o)
 .data          0x0000812c        0x0 c:/altera/13.1/nios2eds/bin/gnu/h-i686-mingw32/bin/../lib/gcc/nios2-elf/4.7.3/../../../../../H-i686-mingw32/nios2-elf/lib/mno-hw-mul\libc.a(lib_a-__atexit.o)
 .data          0x0000812c        0x0 c:/altera/13.1/nios2eds/bin/gnu/h-i686-mingw32/bin/../lib/gcc/nios2-elf/4.7.3/../../../../../H-i686-mingw32/nios2-elf/lib/mno-hw-mul\libc.a(lib_a-__call_atexit.o)
 .data          0x0000812c        0x0 ../gamee_bsp/\libhal_bsp.a(alt_exit.o)
                0x0001012c                _gp = ABSOLUTE ((. + 0x8000))
                0x0001012c                PROVIDE (gp, _gp)
 *(.rwdata .rwdata.*)
 *(.sdata .sdata.* .gnu.linkonce.s.*)
 .sdata         0x0000812c       0x18 obj/default/main.o
                0x0000812c                ball_x
                0x00008130                ball_y
                0x00008134                ball_dx
                0x00008138                ball_dy
                0x0000813c                paddle1_pos
                0x00008140                paddle2_pos
 .sdata         0x00008144        0x8 c:/altera/13.1/nios2eds/bin/gnu/h-i686-mingw32/bin/../lib/gcc/nios2-elf/4.7.3/../../../../../H-i686-mingw32/nios2-elf/lib/mno-hw-mul\libc.a(lib_a-impure.o)
                0x00008144                _global_impure_ptr
                0x00008148                _impure_ptr
 .sdata         0x0000814c        0x8 c:/altera/13.1/nios2eds/bin/gnu/h-i686-mingw32/bin/../lib/gcc/nios2-elf/4.7.3/../../../../../H-i686-mingw32/nios2-elf/lib/mno-hw-mul\libc.a(lib_a-mallocr.o)
                0x0000814c                __malloc_sbrk_base
                0x00008150                __malloc_trim_threshold
 .sdata         0x00008154       0x14 ../gamee_bsp/\libhal_bsp.a(alt_dev.o)
                0x00008154                alt_fs_list
                0x0000815c                alt_dev_list
                0x00008164                alt_max_fd
 .sdata         0x00008168        0x4 ../gamee_bsp/\libhal_bsp.a(alt_errno.o)
                0x00008168                alt_errno
 .sdata         0x0000816c        0x4 ../gamee_bsp/\libhal_bsp.a(alt_sbrk.o)
 .sdata         0x00008170        0x4 ../gamee_bsp/\libhal_bsp.a(alt_irq_vars.o)
                0x00008170                alt_priority_mask
 .sdata         0x00008174        0x8 ../gamee_bsp/\libhal_bsp.a(alt_tick.o)
                0x00008174                alt_alarm_list
 *(.sdata2 .sdata2.* .gnu.linkonce.s2.*)
                0x0000817c                . = ALIGN (0x4)
                0x0000817c                _edata = ABSOLUTE (.)
                0x0000817c                PROVIDE (edata, ABSOLUTE (.))
                0x0000817c                PROVIDE (__ram_rwdata_end, ABSOLUTE (.))
                0x0000817c                PROVIDE (__flash_rwdata_start, LOADADDR (.rwdata))

.bss            0x00009bdc      0x2e0
                0x00009bdc                __bss_start = ABSOLUTE (.)
                0x00009bdc                PROVIDE (__sbss_start, ABSOLUTE (.))
                0x00009bdc                PROVIDE (___sbss_start, ABSOLUTE (.))
 *(.dynsbss)
 *(.sbss .sbss.* .gnu.linkonce.sb.*)
 .sbss          0x00009bdc        0xc c:/altera/13.1/nios2eds/bin/gnu/h-i686-mingw32/bin/../lib/gcc/nios2-elf/4.7.3/../../../../../H-i686-mingw32/nios2-elf/lib/mno-hw-mul\libc.a(lib_a-mallocr.o)
                0x00009bdc                __malloc_max_total_mem
                0x00009be0                __malloc_max_sbrked_mem
                0x00009be4                __malloc_top_pad
 .sbss          0x00009be8        0x4 c:/altera/13.1/nios2eds/bin/gnu/h-i686-mingw32/bin/../lib/gcc/nios2-elf/4.7.3/../../../../../H-i686-mingw32/nios2-elf/lib/mno-hw-mul\libc.a(lib_a-int_errno.o)
                0x00009be8                errno
 .sbss          0x00009bec        0xc ../gamee_bsp/\libhal_bsp.a(alt_main.o)
                0x00009bec                alt_argc
                0x00009bf0                alt_argv
                0x00009bf4                alt_envp
 .sbss          0x00009bf8        0x4 ../gamee_bsp/\libhal_bsp.a(alt_irq_vars.o)
                0x00009bf8                alt_irq_active
 .sbss          0x00009bfc        0x8 ../gamee_bsp/\libhal_bsp.a(alt_tick.o)
                0x00009bfc                _alt_tick_rate
                0x00009c00                _alt_nticks
 *(.sbss2 .sbss2.* .gnu.linkonce.sb2.*)
 *(.scommon)
                0x00009c04                PROVIDE (__sbss_end, ABSOLUTE (.))
                0x00009c04                PROVIDE (___sbss_end, ABSOLUTE (.))
 *(.dynbss)
 *(.bss .bss.* .gnu.linkonce.b.*)
 .bss           0x00009c04        0x0 ../gamee_bsp//obj/HAL/src/crt0.o
 .bss           0x00009c04        0x0 obj/default/main.o
 .bss           0x00009c04        0x0 c:/altera/13.1/nios2eds/bin/gnu/h-i686-mingw32/bin/../lib/gcc/nios2-elf/4.7.3/mno-hw-mul\libgcc.a(lib2-mul.o)
 .bss           0x00009c04        0x0 c:/altera/13.1/nios2eds/bin/gnu/h-i686-mingw32/bin/../lib/gcc/nios2-elf/4.7.3/../../../../../H-i686-mingw32/nios2-elf/lib/mno-hw-mul\libc.a(lib_a-puts.o)
 .bss           0x00009c04        0x0 c:/altera/13.1/nios2eds/bin/gnu/h-i686-mingw32/bin/../lib/gcc/nios2-elf/4.7.3/../../../../../H-i686-mingw32/nios2-elf/lib/mno-hw-mul\libc.a(lib_a-strlen.o)
 .bss           0x00009c04        0x0 c:/altera/13.1/nios2eds/bin/gnu/h-i686-mingw32/bin/../lib/gcc/nios2-elf/4.7.3/../../../../../H-i686-mingw32/nios2-elf/lib/mno-hw-mul\libc.a(lib_a-fvwrite.o)
 .bss           0x00009c04        0x0 c:/altera/13.1/nios2eds/bin/gnu/h-i686-mingw32/bin/../lib/gcc/nios2-elf/4.7.3/../../../../../H-i686-mingw32/nios2-elf/lib/mno-hw-mul\libc.a(lib_a-impure.o)
 .bss           0x00009c04       0x28 c:/altera/13.1/nios2eds/bin/gnu/h-i686-mingw32/bin/../lib/gcc/nios2-elf/4.7.3/../../../../../H-i686-mingw32/nios2-elf/lib/mno-hw-mul\libc.a(lib_a-mallocr.o)
                0x00009c04                __malloc_current_mallinfo
 .bss           0x00009c2c        0x0 c:/altera/13.1/nios2eds/bin/gnu/h-i686-mingw32/bin/../lib/gcc/nios2-elf/4.7.3/../../../../../H-i686-mingw32/nios2-elf/lib/mno-hw-mul\libc.a(lib_a-memchr.o)
 .bss           0x00009c2c        0x0 c:/altera/13.1/nios2eds/bin/gnu/h-i686-mingw32/bin/../lib/gcc/nios2-elf/4.7.3/../../../../../H-i686-mingw32/nios2-elf/lib/mno-hw-mul\libc.a(lib_a-memcpy.o)
 .bss           0x00009c2c        0x0 c:/altera/13.1/nios2eds/bin/gnu/h-i686-mingw32/bin/../lib/gcc/nios2-elf/4.7.3/../../../../../H-i686-mingw32/nios2-elf/lib/mno-hw-mul\libc.a(lib_a-memmove.o)
 .bss           0x00009c2c        0x0 c:/altera/13.1/nios2eds/bin/gnu/h-i686-mingw32/bin/../lib/gcc/nios2-elf/4.7.3/../../../../../H-i686-mingw32/nios2-elf/lib/mno-hw-mul\libc.a(lib_a-reallocr.o)
 .bss           0x00009c2c        0x0 c:/altera/13.1/nios2eds/bin/gnu/h-i686-mingw32/bin/../lib/gcc/nios2-elf/4.7.3/../../../../../H-i686-mingw32/nios2-elf/lib/mno-hw-mul\libc.a(lib_a-sbrkr.o)
 .bss           0x00009c2c        0x0 c:/altera/13.1/nios2eds/bin/gnu/h-i686-mingw32/bin/../lib/gcc/nios2-elf/4.7.3/../../../../../H-i686-mingw32/nios2-elf/lib/mno-hw-mul\libc.a(lib_a-wsetup.o)
 .bss           0x00009c2c        0x0 c:/altera/13.1/nios2eds/bin/gnu/h-i686-mingw32/bin/../lib/gcc/nios2-elf/4.7.3/../../../../../H-i686-mingw32/nios2-elf/lib/mno-hw-mul\libc.a(lib_a-fflush.o)
 .bss           0x00009c2c        0x0 c:/altera/13.1/nios2eds/bin/gnu/h-i686-mingw32/bin/../lib/gcc/nios2-elf/4.7.3/../../../../../H-i686-mingw32/nios2-elf/lib/mno-hw-mul\libc.a(lib_a-findfp.o)
 .bss           0x00009c2c        0x0 c:/altera/13.1/nios2eds/bin/gnu/h-i686-mingw32/bin/../lib/gcc/nios2-elf/4.7.3/../../../../../H-i686-mingw32/nios2-elf/lib/mno-hw-mul\libc.a(lib_a-freer.o)
 .bss           0x00009c2c        0x0 c:/altera/13.1/nios2eds/bin/gnu/h-i686-mingw32/bin/../lib/gcc/nios2-elf/4.7.3/../../../../../H-i686-mingw32/nios2-elf/lib/mno-hw-mul\libc.a(lib_a-fwalk.o)
 .bss           0x00009c2c        0x0 c:/altera/13.1/nios2eds/bin/gnu/h-i686-mingw32/bin/../lib/gcc/nios2-elf/4.7.3/../../../../../H-i686-mingw32/nios2-elf/lib/mno-hw-mul\libc.a(lib_a-int_errno.o)
 .bss           0x00009c2c        0x0 c:/altera/13.1/nios2eds/bin/gnu/h-i686-mingw32/bin/../lib/gcc/nios2-elf/4.7.3/../../../../../H-i686-mingw32/nios2-elf/lib/mno-hw-mul\libc.a(lib_a-makebuf.o)
 .bss           0x00009c2c        0x0 c:/altera/13.1/nios2eds/bin/gnu/h-i686-mingw32/bin/../lib/gcc/nios2-elf/4.7.3/../../../../../H-i686-mingw32/nios2-elf/lib/mno-hw-mul\libc.a(lib_a-memset.o)
 .bss           0x00009c2c        0x0 c:/altera/13.1/nios2eds/bin/gnu/h-i686-mingw32/bin/../lib/gcc/nios2-elf/4.7.3/../../../../../H-i686-mingw32/nios2-elf/lib/mno-hw-mul\libc.a(lib_a-stdio.o)
 .bss           0x00009c2c        0x0 c:/altera/13.1/nios2eds/bin/gnu/h-i686-mingw32/bin/../lib/gcc/nios2-elf/4.7.3/../../../../../H-i686-mingw32/nios2-elf/lib/mno-hw-mul\libc.a(lib_a-writer.o)
 .bss           0x00009c2c        0x0 c:/altera/13.1/nios2eds/bin/gnu/h-i686-mingw32/bin/../lib/gcc/nios2-elf/4.7.3/../../../../../H-i686-mingw32/nios2-elf/lib/mno-hw-mul\libc.a(lib_a-closer.o)
 .bss           0x00009c2c        0x0 c:/altera/13.1/nios2eds/bin/gnu/h-i686-mingw32/bin/../lib/gcc/nios2-elf/4.7.3/../../../../../H-i686-mingw32/nios2-elf/lib/mno-hw-mul\libc.a(lib_a-fclose.o)
 .bss           0x00009c2c        0x0 c:/altera/13.1/nios2eds/bin/gnu/h-i686-mingw32/bin/../lib/gcc/nios2-elf/4.7.3/../../../../../H-i686-mingw32/nios2-elf/lib/mno-hw-mul\libc.a(lib_a-fstatr.o)
 .bss           0x00009c2c        0x0 c:/altera/13.1/nios2eds/bin/gnu/h-i686-mingw32/bin/../lib/gcc/nios2-elf/4.7.3/../../../../../H-i686-mingw32/nios2-elf/lib/mno-hw-mul\libc.a(lib_a-isattyr.o)
 .bss           0x00009c2c        0x0 c:/altera/13.1/nios2eds/bin/gnu/h-i686-mingw32/bin/../lib/gcc/nios2-elf/4.7.3/../../../../../H-i686-mingw32/nios2-elf/lib/mno-hw-mul\libc.a(lib_a-lseekr.o)
 .bss           0x00009c2c        0x0 c:/altera/13.1/nios2eds/bin/gnu/h-i686-mingw32/bin/../lib/gcc/nios2-elf/4.7.3/../../../../../H-i686-mingw32/nios2-elf/lib/mno-hw-mul\libc.a(lib_a-readr.o)
 .bss           0x00009c2c        0x0 ../gamee_bsp/\libhal_bsp.a(alt_close.o)
 .bss           0x00009c2c        0x0 ../gamee_bsp/\libhal_bsp.a(alt_dev.o)
 .bss           0x00009c2c        0x0 ../gamee_bsp/\libhal_bsp.a(alt_errno.o)
 .bss           0x00009c2c        0x0 ../gamee_bsp/\libhal_bsp.a(alt_fstat.o)
 .bss           0x00009c2c        0x0 ../gamee_bsp/\libhal_bsp.a(alt_isatty.o)
 .bss           0x00009c2c        0x0 ../gamee_bsp/\libhal_bsp.a(alt_load.o)
 .bss           0x00009c2c        0x0 ../gamee_bsp/\libhal_bsp.a(alt_lseek.o)
 .bss           0x00009c2c        0x0 ../gamee_bsp/\libhal_bsp.a(alt_main.o)
 .bss           0x00009c2c        0x0 ../gamee_bsp/\libhal_bsp.a(alt_malloc_lock.o)
 .bss           0x00009c2c        0x0 ../gamee_bsp/\libhal_bsp.a(alt_read.o)
 .bss           0x00009c2c        0x0 ../gamee_bsp/\libhal_bsp.a(alt_release_fd.o)
 .bss           0x00009c2c        0x0 ../gamee_bsp/\libhal_bsp.a(alt_sbrk.o)
 .bss           0x00009c2c        0x0 ../gamee_bsp/\libhal_bsp.a(alt_write.o)
 .bss           0x00009c2c        0x0 ../gamee_bsp/\libhal_bsp.a(alt_sys_init.o)
 .bss           0x00009c2c        0x0 ../gamee_bsp/\libhal_bsp.a(altera_avalon_jtag_uart_fd.o)
 .bss           0x00009c2c        0x0 ../gamee_bsp/\libhal_bsp.a(altera_avalon_jtag_uart_init.o)
 .bss           0x00009c2c        0x0 ../gamee_bsp/\libhal_bsp.a(altera_avalon_jtag_uart_ioctl.o)
 .bss           0x00009c2c        0x0 ../gamee_bsp/\libhal_bsp.a(altera_avalon_jtag_uart_read.o)
 .bss           0x00009c2c        0x0 ../gamee_bsp/\libhal_bsp.a(altera_avalon_jtag_uart_write.o)
 .bss           0x00009c2c        0x0 ../gamee_bsp/\libhal_bsp.a(alt_alarm_start.o)
 .bss           0x00009c2c        0x0 ../gamee_bsp/\libhal_bsp.a(alt_dcache_flush_all.o)
 .bss           0x00009c2c        0x0 ../gamee_bsp/\libhal_bsp.a(alt_dev_llist_insert.o)
 .bss           0x00009c2c        0x0 ../gamee_bsp/\libhal_bsp.a(alt_do_ctors.o)
 .bss           0x00009c2c        0x0 ../gamee_bsp/\libhal_bsp.a(alt_do_dtors.o)
 .bss           0x00009c2c        0x0 ../gamee_bsp/\libhal_bsp.a(alt_icache_flush_all.o)
 .bss           0x00009c2c        0x0 ../gamee_bsp/\libhal_bsp.a(alt_iic.o)
 .bss           0x00009c2c        0x0 ../gamee_bsp/\libhal_bsp.a(alt_iic_isr_register.o)
 .bss           0x00009c2c        0x0 ../gamee_bsp/\libhal_bsp.a(alt_io_redirect.o)
 .bss           0x00009c2c        0x0 ../gamee_bsp/\libhal_bsp.a(alt_irq_entry.o)
 .bss           0x00009c2c        0x0 ../gamee_bsp/\libhal_bsp.a(alt_irq_handler.o)
 .bss           0x00009c2c        0x0 ../gamee_bsp/\libhal_bsp.a(alt_irq_vars.o)
 .bss           0x00009c2c        0x0 ../gamee_bsp/\libhal_bsp.a(alt_open.o)
 .bss           0x00009c2c        0x0 ../gamee_bsp/\libhal_bsp.a(alt_tick.o)
 .bss           0x00009c2c        0x0 ../gamee_bsp/\libhal_bsp.a(altera_nios2_qsys_irq.o)
 .bss           0x00009c2c        0x0 ../gamee_bsp/\libhal_bsp.a(alt_exception_entry.o)
 .bss           0x00009c2c        0x0 ../gamee_bsp/\libhal_bsp.a(alt_find_dev.o)
 .bss           0x00009c2c        0x0 ../gamee_bsp/\libhal_bsp.a(alt_find_file.o)
 .bss           0x00009c2c        0x0 ../gamee_bsp/\libhal_bsp.a(alt_get_fd.o)
 .bss           0x00009c2c        0x0 c:/altera/13.1/nios2eds/bin/gnu/h-i686-mingw32/bin/../lib/gcc/nios2-elf/4.7.3/../../../../../H-i686-mingw32/nios2-elf/lib/mno-hw-mul\libc.a(lib_a-atexit.o)
 .bss           0x00009c2c        0x0 c:/altera/13.1/nios2eds/bin/gnu/h-i686-mingw32/bin/../lib/gcc/nios2-elf/4.7.3/../../../../../H-i686-mingw32/nios2-elf/lib/mno-hw-mul\libc.a(lib_a-exit.o)
 .bss           0x00009c2c        0x0 c:/altera/13.1/nios2eds/bin/gnu/h-i686-mingw32/bin/../lib/gcc/nios2-elf/4.7.3/../../../../../H-i686-mingw32/nios2-elf/lib/mno-hw-mul\libc.a(lib_a-memcmp.o)
 .bss           0x00009c2c        0x0 c:/altera/13.1/nios2eds/bin/gnu/h-i686-mingw32/bin/../lib/gcc/nios2-elf/4.7.3/../../../../../H-i686-mingw32/nios2-elf/lib/mno-hw-mul\libc.a(lib_a-__atexit.o)
 .bss           0x00009c2c        0x0 c:/altera/13.1/nios2eds/bin/gnu/h-i686-mingw32/bin/../lib/gcc/nios2-elf/4.7.3/../../../../../H-i686-mingw32/nios2-elf/lib/mno-hw-mul\libc.a(lib_a-__call_atexit.o)
 .bss           0x00009c2c        0x0 ../gamee_bsp/\libhal_bsp.a(alt_exit.o)
 *(COMMON)
 COMMON         0x00009c2c      0x100 ../gamee_bsp/\libhal_bsp.a(alt_irq_handler.o)
                0x00009c2c                alt_irq
 COMMON         0x00009d2c      0x190 c:/altera/13.1/nios2eds/bin/gnu/h-i686-mingw32/bin/../lib/gcc/nios2-elf/4.7.3/../../../../../H-i686-mingw32/nios2-elf/lib/mno-hw-mul\libc.a(lib_a-atexit.o)
                0x00009d2c                _atexit0
                0x00009ebc                . = ALIGN (0x4)
                0x00009ebc                __bss_end = ABSOLUTE (.)

.onchip_memory2_0
                0x00009ebc        0x0
                0x00009ebc                PROVIDE (_alt_partition_onchip_memory2_0_start, ABSOLUTE (.))
 *(.onchip_memory2_0 .onchip_memory2_0. onchip_memory2_0.*)
                0x00009ebc                . = ALIGN (0x4)
                0x00009ebc                PROVIDE (_alt_partition_onchip_memory2_0_end, ABSOLUTE (.))
                0x00009ebc                _end = ABSOLUTE (.)
                0x00009ebc                end = ABSOLUTE (.)
                0x00009ebc                __alt_stack_base = ABSOLUTE (.)
                0x00009ebc                PROVIDE (_alt_partition_onchip_memory2_0_load_addr, LOADADDR (.onchip_memory2_0))

.stab
 *(.stab)

.stabstr
 *(.stabstr)

.stab.excl
 *(.stab.excl)

.stab.exclstr
 *(.stab.exclstr)

.stab.index
 *(.stab.index)

.stab.indexstr
 *(.stab.indexstr)

.comment        0x00000000       0x23
 *(.comment)
 .comment       0x00000000       0x23 obj/default/main.o
                                 0x24 (size before relaxing)
 .comment       0x00000000       0x24 c:/altera/13.1/nios2eds/bin/gnu/h-i686-mingw32/bin/../lib/gcc/nios2-elf/4.7.3/mno-hw-mul\libgcc.a(lib2-mul.o)
 .comment       0x00000000       0x24 c:/altera/13.1/nios2eds/bin/gnu/h-i686-mingw32/bin/../lib/gcc/nios2-elf/4.7.3/../../../../../H-i686-mingw32/nios2-elf/lib/mno-hw-mul\libc.a(lib_a-puts.o)
 .comment       0x00000000       0x24 c:/altera/13.1/nios2eds/bin/gnu/h-i686-mingw32/bin/../lib/gcc/nios2-elf/4.7.3/../../../../../H-i686-mingw32/nios2-elf/lib/mno-hw-mul\libc.a(lib_a-strlen.o)
 .comment       0x00000000       0x24 c:/altera/13.1/nios2eds/bin/gnu/h-i686-mingw32/bin/../lib/gcc/nios2-elf/4.7.3/../../../../../H-i686-mingw32/nios2-elf/lib/mno-hw-mul\libc.a(lib_a-fvwrite.o)
 .comment       0x00000000       0x24 c:/altera/13.1/nios2eds/bin/gnu/h-i686-mingw32/bin/../lib/gcc/nios2-elf/4.7.3/../../../../../H-i686-mingw32/nios2-elf/lib/mno-hw-mul\libc.a(lib_a-impure.o)
 .comment       0x00000000       0x24 c:/altera/13.1/nios2eds/bin/gnu/h-i686-mingw32/bin/../lib/gcc/nios2-elf/4.7.3/../../../../../H-i686-mingw32/nios2-elf/lib/mno-hw-mul\libc.a(lib_a-mallocr.o)
 .comment       0x00000000       0x24 c:/altera/13.1/nios2eds/bin/gnu/h-i686-mingw32/bin/../lib/gcc/nios2-elf/4.7.3/../../../../../H-i686-mingw32/nios2-elf/lib/mno-hw-mul\libc.a(lib_a-memchr.o)
 .comment       0x00000000       0x24 c:/altera/13.1/nios2eds/bin/gnu/h-i686-mingw32/bin/../lib/gcc/nios2-elf/4.7.3/../../../../../H-i686-mingw32/nios2-elf/lib/mno-hw-mul\libc.a(lib_a-memcpy.o)
 .comment       0x00000000       0x24 c:/altera/13.1/nios2eds/bin/gnu/h-i686-mingw32/bin/../lib/gcc/nios2-elf/4.7.3/../../../../../H-i686-mingw32/nios2-elf/lib/mno-hw-mul\libc.a(lib_a-memmove.o)
 .comment       0x00000000       0x24 c:/altera/13.1/nios2eds/bin/gnu/h-i686-mingw32/bin/../lib/gcc/nios2-elf/4.7.3/../../../../../H-i686-mingw32/nios2-elf/lib/mno-hw-mul\libc.a(lib_a-reallocr.o)
 .comment       0x00000000       0x24 c:/altera/13.1/nios2eds/bin/gnu/h-i686-mingw32/bin/../lib/gcc/nios2-elf/4.7.3/../../../../../H-i686-mingw32/nios2-elf/lib/mno-hw-mul\libc.a(lib_a-sbrkr.o)
 .comment       0x00000000       0x24 c:/altera/13.1/nios2eds/bin/gnu/h-i686-mingw32/bin/../lib/gcc/nios2-elf/4.7.3/../../../../../H-i686-mingw32/nios2-elf/lib/mno-hw-mul\libc.a(lib_a-wsetup.o)
 .comment       0x00000000       0x24 c:/altera/13.1/nios2eds/bin/gnu/h-i686-mingw32/bin/../lib/gcc/nios2-elf/4.7.3/../../../../../H-i686-mingw32/nios2-elf/lib/mno-hw-mul\libc.a(lib_a-fflush.o)
 .comment       0x00000000       0x24 c:/altera/13.1/nios2eds/bin/gnu/h-i686-mingw32/bin/../lib/gcc/nios2-elf/4.7.3/../../../../../H-i686-mingw32/nios2-elf/lib/mno-hw-mul\libc.a(lib_a-findfp.o)
 .comment       0x00000000       0x24 c:/altera/13.1/nios2eds/bin/gnu/h-i686-mingw32/bin/../lib/gcc/nios2-elf/4.7.3/../../../../../H-i686-mingw32/nios2-elf/lib/mno-hw-mul\libc.a(lib_a-freer.o)
 .comment       0x00000000       0x24 c:/altera/13.1/nios2eds/bin/gnu/h-i686-mingw32/bin/../lib/gcc/nios2-elf/4.7.3/../../../../../H-i686-mingw32/nios2-elf/lib/mno-hw-mul\libc.a(lib_a-fwalk.o)
 .comment       0x00000000       0x24 c:/altera/13.1/nios2eds/bin/gnu/h-i686-mingw32/bin/../lib/gcc/nios2-elf/4.7.3/../../../../../H-i686-mingw32/nios2-elf/lib/mno-hw-mul\libc.a(lib_a-int_errno.o)
 .comment       0x00000000       0x24 c:/altera/13.1/nios2eds/bin/gnu/h-i686-mingw32/bin/../lib/gcc/nios2-elf/4.7.3/../../../../../H-i686-mingw32/nios2-elf/lib/mno-hw-mul\libc.a(lib_a-makebuf.o)
 .comment       0x00000000       0x24 c:/altera/13.1/nios2eds/bin/gnu/h-i686-mingw32/bin/../lib/gcc/nios2-elf/4.7.3/../../../../../H-i686-mingw32/nios2-elf/lib/mno-hw-mul\libc.a(lib_a-memset.o)
 .comment       0x00000000       0x24 c:/altera/13.1/nios2eds/bin/gnu/h-i686-mingw32/bin/../lib/gcc/nios2-elf/4.7.3/../../../../../H-i686-mingw32/nios2-elf/lib/mno-hw-mul\libc.a(lib_a-stdio.o)
 .comment       0x00000000       0x24 c:/altera/13.1/nios2eds/bin/gnu/h-i686-mingw32/bin/../lib/gcc/nios2-elf/4.7.3/../../../../../H-i686-mingw32/nios2-elf/lib/mno-hw-mul\libc.a(lib_a-writer.o)
 .comment       0x00000000       0x24 c:/altera/13.1/nios2eds/bin/gnu/h-i686-mingw32/bin/../lib/gcc/nios2-elf/4.7.3/../../../../../H-i686-mingw32/nios2-elf/lib/mno-hw-mul\libc.a(lib_a-closer.o)
 .comment       0x00000000       0x24 c:/altera/13.1/nios2eds/bin/gnu/h-i686-mingw32/bin/../lib/gcc/nios2-elf/4.7.3/../../../../../H-i686-mingw32/nios2-elf/lib/mno-hw-mul\libc.a(lib_a-fclose.o)
 .comment       0x00000000       0x24 c:/altera/13.1/nios2eds/bin/gnu/h-i686-mingw32/bin/../lib/gcc/nios2-elf/4.7.3/../../../../../H-i686-mingw32/nios2-elf/lib/mno-hw-mul\libc.a(lib_a-fstatr.o)
 .comment       0x00000000       0x24 c:/altera/13.1/nios2eds/bin/gnu/h-i686-mingw32/bin/../lib/gcc/nios2-elf/4.7.3/../../../../../H-i686-mingw32/nios2-elf/lib/mno-hw-mul\libc.a(lib_a-isattyr.o)
 .comment       0x00000000       0x24 c:/altera/13.1/nios2eds/bin/gnu/h-i686-mingw32/bin/../lib/gcc/nios2-elf/4.7.3/../../../../../H-i686-mingw32/nios2-elf/lib/mno-hw-mul\libc.a(lib_a-lseekr.o)
 .comment       0x00000000       0x24 c:/altera/13.1/nios2eds/bin/gnu/h-i686-mingw32/bin/../lib/gcc/nios2-elf/4.7.3/../../../../../H-i686-mingw32/nios2-elf/lib/mno-hw-mul\libc.a(lib_a-readr.o)
 .comment       0x00000000       0x24 ../gamee_bsp/\libhal_bsp.a(alt_close.o)
 .comment       0x00000000       0x24 ../gamee_bsp/\libhal_bsp.a(alt_dev.o)
 .comment       0x00000000       0x24 ../gamee_bsp/\libhal_bsp.a(alt_errno.o)
 .comment       0x00000000       0x24 ../gamee_bsp/\libhal_bsp.a(alt_fstat.o)
 .comment       0x00000000       0x24 ../gamee_bsp/\libhal_bsp.a(alt_isatty.o)
 .comment       0x00000000       0x24 ../gamee_bsp/\libhal_bsp.a(alt_load.o)
 .comment       0x00000000       0x24 ../gamee_bsp/\libhal_bsp.a(alt_lseek.o)
 .comment       0x00000000       0x24 ../gamee_bsp/\libhal_bsp.a(alt_main.o)
 .comment       0x00000000       0x24 ../gamee_bsp/\libhal_bsp.a(alt_malloc_lock.o)
 .comment       0x00000000       0x24 ../gamee_bsp/\libhal_bsp.a(alt_read.o)
 .comment       0x00000000       0x24 ../gamee_bsp/\libhal_bsp.a(alt_release_fd.o)
 .comment       0x00000000       0x24 ../gamee_bsp/\libhal_bsp.a(alt_sbrk.o)
 .comment       0x00000000       0x24 ../gamee_bsp/\libhal_bsp.a(alt_write.o)
 .comment       0x00000000       0x24 ../gamee_bsp/\libhal_bsp.a(alt_sys_init.o)
 .comment       0x00000000       0x24 ../gamee_bsp/\libhal_bsp.a(altera_avalon_jtag_uart_fd.o)
 .comment       0x00000000       0x24 ../gamee_bsp/\libhal_bsp.a(altera_avalon_jtag_uart_init.o)
 .comment       0x00000000       0x24 ../gamee_bsp/\libhal_bsp.a(altera_avalon_jtag_uart_ioctl.o)
 .comment       0x00000000       0x24 ../gamee_bsp/\libhal_bsp.a(altera_avalon_jtag_uart_read.o)
 .comment       0x00000000       0x24 ../gamee_bsp/\libhal_bsp.a(altera_avalon_jtag_uart_write.o)
 .comment       0x00000000       0x24 ../gamee_bsp/\libhal_bsp.a(alt_alarm_start.o)
 .comment       0x00000000       0x24 ../gamee_bsp/\libhal_bsp.a(alt_dcache_flush_all.o)
 .comment       0x00000000       0x24 ../gamee_bsp/\libhal_bsp.a(alt_dev_llist_insert.o)
 .comment       0x00000000       0x24 ../gamee_bsp/\libhal_bsp.a(alt_do_ctors.o)
 .comment       0x00000000       0x24 ../gamee_bsp/\libhal_bsp.a(alt_do_dtors.o)
 .comment       0x00000000       0x24 ../gamee_bsp/\libhal_bsp.a(alt_icache_flush_all.o)
 .comment       0x00000000       0x24 ../gamee_bsp/\libhal_bsp.a(alt_iic.o)
 .comment       0x00000000       0x24 ../gamee_bsp/\libhal_bsp.a(alt_iic_isr_register.o)
 .comment       0x00000000       0x24 ../gamee_bsp/\libhal_bsp.a(alt_io_redirect.o)
 .comment       0x00000000       0x24 ../gamee_bsp/\libhal_bsp.a(alt_irq_handler.o)
 .comment       0x00000000       0x24 ../gamee_bsp/\libhal_bsp.a(alt_irq_vars.o)
 .comment       0x00000000       0x24 ../gamee_bsp/\libhal_bsp.a(alt_open.o)
 .comment       0x00000000       0x24 ../gamee_bsp/\libhal_bsp.a(alt_tick.o)
 .comment       0x00000000       0x24 ../gamee_bsp/\libhal_bsp.a(altera_nios2_qsys_irq.o)
 .comment       0x00000000       0x24 ../gamee_bsp/\libhal_bsp.a(alt_find_dev.o)
 .comment       0x00000000       0x24 ../gamee_bsp/\libhal_bsp.a(alt_find_file.o)
 .comment       0x00000000       0x24 ../gamee_bsp/\libhal_bsp.a(alt_get_fd.o)
 .comment       0x00000000       0x24 c:/altera/13.1/nios2eds/bin/gnu/h-i686-mingw32/bin/../lib/gcc/nios2-elf/4.7.3/../../../../../H-i686-mingw32/nios2-elf/lib/mno-hw-mul\libc.a(lib_a-atexit.o)
 .comment       0x00000000       0x24 c:/altera/13.1/nios2eds/bin/gnu/h-i686-mingw32/bin/../lib/gcc/nios2-elf/4.7.3/../../../../../H-i686-mingw32/nios2-elf/lib/mno-hw-mul\libc.a(lib_a-exit.o)
 .comment       0x00000000       0x24 c:/altera/13.1/nios2eds/bin/gnu/h-i686-mingw32/bin/../lib/gcc/nios2-elf/4.7.3/../../../../../H-i686-mingw32/nios2-elf/lib/mno-hw-mul\libc.a(lib_a-memcmp.o)
 .comment       0x00000000       0x24 c:/altera/13.1/nios2eds/bin/gnu/h-i686-mingw32/bin/../lib/gcc/nios2-elf/4.7.3/../../../../../H-i686-mingw32/nios2-elf/lib/mno-hw-mul\libc.a(lib_a-__atexit.o)
 .comment       0x00000000       0x24 c:/altera/13.1/nios2eds/bin/gnu/h-i686-mingw32/bin/../lib/gcc/nios2-elf/4.7.3/../../../../../H-i686-mingw32/nios2-elf/lib/mno-hw-mul\libc.a(lib_a-__call_atexit.o)
 .comment       0x00000000       0x24 ../gamee_bsp/\libhal_bsp.a(alt_exit.o)

.debug
 *(.debug)

.line
 *(.line)

.debug_srcinfo
 *(.debug_srcinfo)

.debug_sfnames
 *(.debug_sfnames)

.debug_aranges  0x00000000      0x930
 *(.debug_aranges)
 .debug_aranges
                0x00000000       0x28 ../gamee_bsp//obj/HAL/src/crt0.o
 .debug_aranges
                0x00000028       0x20 obj/default/main.o
 .debug_aranges
                0x00000048       0x20 c:/altera/13.1/nios2eds/bin/gnu/h-i686-mingw32/bin/../lib/gcc/nios2-elf/4.7.3/mno-hw-mul\libgcc.a(lib2-mul.o)
 .debug_aranges
                0x00000068       0x20 c:/altera/13.1/nios2eds/bin/gnu/h-i686-mingw32/bin/../lib/gcc/nios2-elf/4.7.3/../../../../../H-i686-mingw32/nios2-elf/lib/mno-hw-mul\libc.a(lib_a-puts.o)
 .debug_aranges
                0x00000088       0x20 c:/altera/13.1/nios2eds/bin/gnu/h-i686-mingw32/bin/../lib/gcc/nios2-elf/4.7.3/../../../../../H-i686-mingw32/nios2-elf/lib/mno-hw-mul\libc.a(lib_a-strlen.o)
 .debug_aranges
                0x000000a8       0x20 c:/altera/13.1/nios2eds/bin/gnu/h-i686-mingw32/bin/../lib/gcc/nios2-elf/4.7.3/../../../../../H-i686-mingw32/nios2-elf/lib/mno-hw-mul\libc.a(lib_a-fvwrite.o)
 .debug_aranges
                0x000000c8       0x18 c:/altera/13.1/nios2eds/bin/gnu/h-i686-mingw32/bin/../lib/gcc/nios2-elf/4.7.3/../../../../../H-i686-mingw32/nios2-elf/lib/mno-hw-mul\libc.a(lib_a-impure.o)
 .debug_aranges
                0x000000e0       0x20 c:/altera/13.1/nios2eds/bin/gnu/h-i686-mingw32/bin/../lib/gcc/nios2-elf/4.7.3/../../../../../H-i686-mingw32/nios2-elf/lib/mno-hw-mul\libc.a(lib_a-mallocr.o)
 .debug_aranges
                0x00000100       0x20 c:/altera/13.1/nios2eds/bin/gnu/h-i686-mingw32/bin/../lib/gcc/nios2-elf/4.7.3/../../../../../H-i686-mingw32/nios2-elf/lib/mno-hw-mul\libc.a(lib_a-memchr.o)
 .debug_aranges
                0x00000120       0x20 c:/altera/13.1/nios2eds/bin/gnu/h-i686-mingw32/bin/../lib/gcc/nios2-elf/4.7.3/../../../../../H-i686-mingw32/nios2-elf/lib/mno-hw-mul\libc.a(lib_a-memcpy.o)
 .debug_aranges
                0x00000140       0x20 c:/altera/13.1/nios2eds/bin/gnu/h-i686-mingw32/bin/../lib/gcc/nios2-elf/4.7.3/../../../../../H-i686-mingw32/nios2-elf/lib/mno-hw-mul\libc.a(lib_a-memmove.o)
 .debug_aranges
                0x00000160       0x20 c:/altera/13.1/nios2eds/bin/gnu/h-i686-mingw32/bin/../lib/gcc/nios2-elf/4.7.3/../../../../../H-i686-mingw32/nios2-elf/lib/mno-hw-mul\libc.a(lib_a-reallocr.o)
 .debug_aranges
                0x00000180       0x20 c:/altera/13.1/nios2eds/bin/gnu/h-i686-mingw32/bin/../lib/gcc/nios2-elf/4.7.3/../../../../../H-i686-mingw32/nios2-elf/lib/mno-hw-mul\libc.a(lib_a-sbrkr.o)
 .debug_aranges
                0x000001a0       0x20 c:/altera/13.1/nios2eds/bin/gnu/h-i686-mingw32/bin/../lib/gcc/nios2-elf/4.7.3/../../../../../H-i686-mingw32/nios2-elf/lib/mno-hw-mul\libc.a(lib_a-wsetup.o)
 .debug_aranges
                0x000001c0       0x20 c:/altera/13.1/nios2eds/bin/gnu/h-i686-mingw32/bin/../lib/gcc/nios2-elf/4.7.3/../../../../../H-i686-mingw32/nios2-elf/lib/mno-hw-mul\libc.a(lib_a-fflush.o)
 .debug_aranges
                0x000001e0       0x20 c:/altera/13.1/nios2eds/bin/gnu/h-i686-mingw32/bin/../lib/gcc/nios2-elf/4.7.3/../../../../../H-i686-mingw32/nios2-elf/lib/mno-hw-mul\libc.a(lib_a-findfp.o)
 .debug_aranges
                0x00000200       0x20 c:/altera/13.1/nios2eds/bin/gnu/h-i686-mingw32/bin/../lib/gcc/nios2-elf/4.7.3/../../../../../H-i686-mingw32/nios2-elf/lib/mno-hw-mul\libc.a(lib_a-freer.o)
 .debug_aranges
                0x00000220       0x20 c:/altera/13.1/nios2eds/bin/gnu/h-i686-mingw32/bin/../lib/gcc/nios2-elf/4.7.3/../../../../../H-i686-mingw32/nios2-elf/lib/mno-hw-mul\libc.a(lib_a-fwalk.o)
 .debug_aranges
                0x00000240       0x18 c:/altera/13.1/nios2eds/bin/gnu/h-i686-mingw32/bin/../lib/gcc/nios2-elf/4.7.3/../../../../../H-i686-mingw32/nios2-elf/lib/mno-hw-mul\libc.a(lib_a-int_errno.o)
 .debug_aranges
                0x00000258       0x20 c:/altera/13.1/nios2eds/bin/gnu/h-i686-mingw32/bin/../lib/gcc/nios2-elf/4.7.3/../../../../../H-i686-mingw32/nios2-elf/lib/mno-hw-mul\libc.a(lib_a-makebuf.o)
 .debug_aranges
                0x00000278       0x20 c:/altera/13.1/nios2eds/bin/gnu/h-i686-mingw32/bin/../lib/gcc/nios2-elf/4.7.3/../../../../../H-i686-mingw32/nios2-elf/lib/mno-hw-mul\libc.a(lib_a-memset.o)
 .debug_aranges
                0x00000298       0x20 c:/altera/13.1/nios2eds/bin/gnu/h-i686-mingw32/bin/../lib/gcc/nios2-elf/4.7.3/../../../../../H-i686-mingw32/nios2-elf/lib/mno-hw-mul\libc.a(lib_a-stdio.o)
 .debug_aranges
                0x000002b8       0x20 c:/altera/13.1/nios2eds/bin/gnu/h-i686-mingw32/bin/../lib/gcc/nios2-elf/4.7.3/../../../../../H-i686-mingw32/nios2-elf/lib/mno-hw-mul\libc.a(lib_a-writer.o)
 .debug_aranges
                0x000002d8       0x20 c:/altera/13.1/nios2eds/bin/gnu/h-i686-mingw32/bin/../lib/gcc/nios2-elf/4.7.3/../../../../../H-i686-mingw32/nios2-elf/lib/mno-hw-mul\libc.a(lib_a-closer.o)
 .debug_aranges
                0x000002f8       0x20 c:/altera/13.1/nios2eds/bin/gnu/h-i686-mingw32/bin/../lib/gcc/nios2-elf/4.7.3/../../../../../H-i686-mingw32/nios2-elf/lib/mno-hw-mul\libc.a(lib_a-fclose.o)
 .debug_aranges
                0x00000318       0x20 c:/altera/13.1/nios2eds/bin/gnu/h-i686-mingw32/bin/../lib/gcc/nios2-elf/4.7.3/../../../../../H-i686-mingw32/nios2-elf/lib/mno-hw-mul\libc.a(lib_a-fstatr.o)
 .debug_aranges
                0x00000338       0x20 c:/altera/13.1/nios2eds/bin/gnu/h-i686-mingw32/bin/../lib/gcc/nios2-elf/4.7.3/../../../../../H-i686-mingw32/nios2-elf/lib/mno-hw-mul\libc.a(lib_a-isattyr.o)
 .debug_aranges
                0x00000358       0x20 c:/altera/13.1/nios2eds/bin/gnu/h-i686-mingw32/bin/../lib/gcc/nios2-elf/4.7.3/../../../../../H-i686-mingw32/nios2-elf/lib/mno-hw-mul\libc.a(lib_a-lseekr.o)
 .debug_aranges
                0x00000378       0x20 c:/altera/13.1/nios2eds/bin/gnu/h-i686-mingw32/bin/../lib/gcc/nios2-elf/4.7.3/../../../../../H-i686-mingw32/nios2-elf/lib/mno-hw-mul\libc.a(lib_a-readr.o)
 .debug_aranges
                0x00000398       0x20 ../gamee_bsp/\libhal_bsp.a(alt_close.o)
 .debug_aranges
                0x000003b8       0x20 ../gamee_bsp/\libhal_bsp.a(alt_dev.o)
 .debug_aranges
                0x000003d8       0x18 ../gamee_bsp/\libhal_bsp.a(alt_errno.o)
 .debug_aranges
                0x000003f0       0x20 ../gamee_bsp/\libhal_bsp.a(alt_fstat.o)
 .debug_aranges
                0x00000410       0x20 ../gamee_bsp/\libhal_bsp.a(alt_isatty.o)
 .debug_aranges
                0x00000430       0x20 ../gamee_bsp/\libhal_bsp.a(alt_load.o)
 .debug_aranges
                0x00000450       0x20 ../gamee_bsp/\libhal_bsp.a(alt_lseek.o)
 .debug_aranges
                0x00000470       0x20 ../gamee_bsp/\libhal_bsp.a(alt_main.o)
 .debug_aranges
                0x00000490       0x20 ../gamee_bsp/\libhal_bsp.a(alt_malloc_lock.o)
 .debug_aranges
                0x000004b0       0x20 ../gamee_bsp/\libhal_bsp.a(alt_read.o)
 .debug_aranges
                0x000004d0       0x20 ../gamee_bsp/\libhal_bsp.a(alt_release_fd.o)
 .debug_aranges
                0x000004f0       0x20 ../gamee_bsp/\libhal_bsp.a(alt_sbrk.o)
 .debug_aranges
                0x00000510       0x20 ../gamee_bsp/\libhal_bsp.a(alt_write.o)
 .debug_aranges
                0x00000530       0x20 ../gamee_bsp/\libhal_bsp.a(alt_sys_init.o)
 .debug_aranges
                0x00000550       0x20 ../gamee_bsp/\libhal_bsp.a(altera_avalon_jtag_uart_fd.o)
 .debug_aranges
                0x00000570       0x20 ../gamee_bsp/\libhal_bsp.a(altera_avalon_jtag_uart_init.o)
 .debug_aranges
                0x00000590       0x20 ../gamee_bsp/\libhal_bsp.a(altera_avalon_jtag_uart_ioctl.o)
 .debug_aranges
                0x000005b0       0x20 ../gamee_bsp/\libhal_bsp.a(altera_avalon_jtag_uart_read.o)
 .debug_aranges
                0x000005d0       0x20 ../gamee_bsp/\libhal_bsp.a(altera_avalon_jtag_uart_write.o)
 .debug_aranges
                0x000005f0       0x20 ../gamee_bsp/\libhal_bsp.a(alt_alarm_start.o)
 .debug_aranges
                0x00000610       0x20 ../gamee_bsp/\libhal_bsp.a(alt_dcache_flush_all.o)
 .debug_aranges
                0x00000630       0x20 ../gamee_bsp/\libhal_bsp.a(alt_dev_llist_insert.o)
 .debug_aranges
                0x00000650       0x20 ../gamee_bsp/\libhal_bsp.a(alt_do_ctors.o)
 .debug_aranges
                0x00000670       0x20 ../gamee_bsp/\libhal_bsp.a(alt_do_dtors.o)
 .debug_aranges
                0x00000690       0x20 ../gamee_bsp/\libhal_bsp.a(alt_icache_flush_all.o)
 .debug_aranges
                0x000006b0       0x20 ../gamee_bsp/\libhal_bsp.a(alt_iic.o)
 .debug_aranges
                0x000006d0       0x20 ../gamee_bsp/\libhal_bsp.a(alt_iic_isr_register.o)
 .debug_aranges
                0x000006f0       0x20 ../gamee_bsp/\libhal_bsp.a(alt_io_redirect.o)
 .debug_aranges
                0x00000710       0x30 ../gamee_bsp/\libhal_bsp.a(alt_irq_entry.o)
 .debug_aranges
                0x00000740       0x20 ../gamee_bsp/\libhal_bsp.a(alt_irq_handler.o)
 .debug_aranges
                0x00000760       0x18 ../gamee_bsp/\libhal_bsp.a(alt_irq_vars.o)
 .debug_aranges
                0x00000778       0x20 ../gamee_bsp/\libhal_bsp.a(alt_open.o)
 .debug_aranges
                0x00000798       0x20 ../gamee_bsp/\libhal_bsp.a(alt_tick.o)
 .debug_aranges
                0x000007b8       0x20 ../gamee_bsp/\libhal_bsp.a(altera_nios2_qsys_irq.o)
 .debug_aranges
                0x000007d8       0x38 ../gamee_bsp/\libhal_bsp.a(alt_exception_entry.o)
 .debug_aranges
                0x00000810       0x20 ../gamee_bsp/\libhal_bsp.a(alt_find_dev.o)
 .debug_aranges
                0x00000830       0x20 ../gamee_bsp/\libhal_bsp.a(alt_find_file.o)
 .debug_aranges
                0x00000850       0x20 ../gamee_bsp/\libhal_bsp.a(alt_get_fd.o)
 .debug_aranges
                0x00000870       0x20 c:/altera/13.1/nios2eds/bin/gnu/h-i686-mingw32/bin/../lib/gcc/nios2-elf/4.7.3/../../../../../H-i686-mingw32/nios2-elf/lib/mno-hw-mul\libc.a(lib_a-atexit.o)
 .debug_aranges
                0x00000890       0x20 c:/altera/13.1/nios2eds/bin/gnu/h-i686-mingw32/bin/../lib/gcc/nios2-elf/4.7.3/../../../../../H-i686-mingw32/nios2-elf/lib/mno-hw-mul\libc.a(lib_a-exit.o)
 .debug_aranges
                0x000008b0       0x20 c:/altera/13.1/nios2eds/bin/gnu/h-i686-mingw32/bin/../lib/gcc/nios2-elf/4.7.3/../../../../../H-i686-mingw32/nios2-elf/lib/mno-hw-mul\libc.a(lib_a-memcmp.o)
 .debug_aranges
                0x000008d0       0x20 c:/altera/13.1/nios2eds/bin/gnu/h-i686-mingw32/bin/../lib/gcc/nios2-elf/4.7.3/../../../../../H-i686-mingw32/nios2-elf/lib/mno-hw-mul\libc.a(lib_a-__atexit.o)
 .debug_aranges
                0x000008f0       0x20 c:/altera/13.1/nios2eds/bin/gnu/h-i686-mingw32/bin/../lib/gcc/nios2-elf/4.7.3/../../../../../H-i686-mingw32/nios2-elf/lib/mno-hw-mul\libc.a(lib_a-__call_atexit.o)
 .debug_aranges
                0x00000910       0x20 ../gamee_bsp/\libhal_bsp.a(alt_exit.o)

.debug_pubnames
 *(.debug_pubnames)

.debug_info     0x00000000    0x176af
 *(.debug_info .gnu.linkonce.wi.*)
 .debug_info    0x00000000       0x61 ../gamee_bsp//obj/HAL/src/crt0.o
 .debug_info    0x00000061      0x23e obj/default/main.o
 .debug_info    0x0000029f       0xb8 c:/altera/13.1/nios2eds/bin/gnu/h-i686-mingw32/bin/../lib/gcc/nios2-elf/4.7.3/mno-hw-mul\libgcc.a(lib2-mul.o)
 .debug_info    0x00000357      0xab7 c:/altera/13.1/nios2eds/bin/gnu/h-i686-mingw32/bin/../lib/gcc/nios2-elf/4.7.3/../../../../../H-i686-mingw32/nios2-elf/lib/mno-hw-mul\libc.a(lib_a-puts.o)
 .debug_info    0x00000e0e       0xdf c:/altera/13.1/nios2eds/bin/gnu/h-i686-mingw32/bin/../lib/gcc/nios2-elf/4.7.3/../../../../../H-i686-mingw32/nios2-elf/lib/mno-hw-mul\libc.a(lib_a-strlen.o)
 .debug_info    0x00000eed      0xd05 c:/altera/13.1/nios2eds/bin/gnu/h-i686-mingw32/bin/../lib/gcc/nios2-elf/4.7.3/../../../../../H-i686-mingw32/nios2-elf/lib/mno-hw-mul\libc.a(lib_a-fvwrite.o)
 .debug_info    0x00001bf2      0x938 c:/altera/13.1/nios2eds/bin/gnu/h-i686-mingw32/bin/../lib/gcc/nios2-elf/4.7.3/../../../../../H-i686-mingw32/nios2-elf/lib/mno-hw-mul\libc.a(lib_a-impure.o)
 .debug_info    0x0000252a      0xe44 c:/altera/13.1/nios2eds/bin/gnu/h-i686-mingw32/bin/../lib/gcc/nios2-elf/4.7.3/../../../../../H-i686-mingw32/nios2-elf/lib/mno-hw-mul\libc.a(lib_a-mallocr.o)
 .debug_info    0x0000336e      0x13e c:/altera/13.1/nios2eds/bin/gnu/h-i686-mingw32/bin/../lib/gcc/nios2-elf/4.7.3/../../../../../H-i686-mingw32/nios2-elf/lib/mno-hw-mul\libc.a(lib_a-memchr.o)
 .debug_info    0x000034ac      0x10f c:/altera/13.1/nios2eds/bin/gnu/h-i686-mingw32/bin/../lib/gcc/nios2-elf/4.7.3/../../../../../H-i686-mingw32/nios2-elf/lib/mno-hw-mul\libc.a(lib_a-memcpy.o)
 .debug_info    0x000035bb      0x147 c:/altera/13.1/nios2eds/bin/gnu/h-i686-mingw32/bin/../lib/gcc/nios2-elf/4.7.3/../../../../../H-i686-mingw32/nios2-elf/lib/mno-hw-mul\libc.a(lib_a-memmove.o)
 .debug_info    0x00003702      0xd8e c:/altera/13.1/nios2eds/bin/gnu/h-i686-mingw32/bin/../lib/gcc/nios2-elf/4.7.3/../../../../../H-i686-mingw32/nios2-elf/lib/mno-hw-mul\libc.a(lib_a-reallocr.o)
 .debug_info    0x00004490      0x9a3 c:/altera/13.1/nios2eds/bin/gnu/h-i686-mingw32/bin/../lib/gcc/nios2-elf/4.7.3/../../../../../H-i686-mingw32/nios2-elf/lib/mno-hw-mul\libc.a(lib_a-sbrkr.o)
 .debug_info    0x00004e33      0x9d4 c:/altera/13.1/nios2eds/bin/gnu/h-i686-mingw32/bin/../lib/gcc/nios2-elf/4.7.3/../../../../../H-i686-mingw32/nios2-elf/lib/mno-hw-mul\libc.a(lib_a-wsetup.o)
 .debug_info    0x00005807      0xad0 c:/altera/13.1/nios2eds/bin/gnu/h-i686-mingw32/bin/../lib/gcc/nios2-elf/4.7.3/../../../../../H-i686-mingw32/nios2-elf/lib/mno-hw-mul\libc.a(lib_a-fflush.o)
 .debug_info    0x000062d7      0xd6e c:/altera/13.1/nios2eds/bin/gnu/h-i686-mingw32/bin/../lib/gcc/nios2-elf/4.7.3/../../../../../H-i686-mingw32/nios2-elf/lib/mno-hw-mul\libc.a(lib_a-findfp.o)
 .debug_info    0x00007045      0xcf9 c:/altera/13.1/nios2eds/bin/gnu/h-i686-mingw32/bin/../lib/gcc/nios2-elf/4.7.3/../../../../../H-i686-mingw32/nios2-elf/lib/mno-hw-mul\libc.a(lib_a-freer.o)
 .debug_info    0x00007d3e      0xb72 c:/altera/13.1/nios2eds/bin/gnu/h-i686-mingw32/bin/../lib/gcc/nios2-elf/4.7.3/../../../../../H-i686-mingw32/nios2-elf/lib/mno-hw-mul\libc.a(lib_a-fwalk.o)
 .debug_info    0x000088b0       0x84 c:/altera/13.1/nios2eds/bin/gnu/h-i686-mingw32/bin/../lib/gcc/nios2-elf/4.7.3/../../../../../H-i686-mingw32/nios2-elf/lib/mno-hw-mul\libc.a(lib_a-int_errno.o)
 .debug_info    0x00008934      0xbc2 c:/altera/13.1/nios2eds/bin/gnu/h-i686-mingw32/bin/../lib/gcc/nios2-elf/4.7.3/../../../../../H-i686-mingw32/nios2-elf/lib/mno-hw-mul\libc.a(lib_a-makebuf.o)
 .debug_info    0x000094f6      0x117 c:/altera/13.1/nios2eds/bin/gnu/h-i686-mingw32/bin/../lib/gcc/nios2-elf/4.7.3/../../../../../H-i686-mingw32/nios2-elf/lib/mno-hw-mul\libc.a(lib_a-memset.o)
 .debug_info    0x0000960d      0xbfd c:/altera/13.1/nios2eds/bin/gnu/h-i686-mingw32/bin/../lib/gcc/nios2-elf/4.7.3/../../../../../H-i686-mingw32/nios2-elf/lib/mno-hw-mul\libc.a(lib_a-stdio.o)
 .debug_info    0x0000a20a      0x9d2 c:/altera/13.1/nios2eds/bin/gnu/h-i686-mingw32/bin/../lib/gcc/nios2-elf/4.7.3/../../../../../H-i686-mingw32/nios2-elf/lib/mno-hw-mul\libc.a(lib_a-writer.o)
 .debug_info    0x0000abdc      0x97f c:/altera/13.1/nios2eds/bin/gnu/h-i686-mingw32/bin/../lib/gcc/nios2-elf/4.7.3/../../../../../H-i686-mingw32/nios2-elf/lib/mno-hw-mul\libc.a(lib_a-closer.o)
 .debug_info    0x0000b55b      0xa97 c:/altera/13.1/nios2eds/bin/gnu/h-i686-mingw32/bin/../lib/gcc/nios2-elf/4.7.3/../../../../../H-i686-mingw32/nios2-elf/lib/mno-hw-mul\libc.a(lib_a-fclose.o)
 .debug_info    0x0000bff2      0xb2f c:/altera/13.1/nios2eds/bin/gnu/h-i686-mingw32/bin/../lib/gcc/nios2-elf/4.7.3/../../../../../H-i686-mingw32/nios2-elf/lib/mno-hw-mul\libc.a(lib_a-fstatr.o)
 .debug_info    0x0000cb21      0x97f c:/altera/13.1/nios2eds/bin/gnu/h-i686-mingw32/bin/../lib/gcc/nios2-elf/4.7.3/../../../../../H-i686-mingw32/nios2-elf/lib/mno-hw-mul\libc.a(lib_a-isattyr.o)
 .debug_info    0x0000d4a0      0x9cb c:/altera/13.1/nios2eds/bin/gnu/h-i686-mingw32/bin/../lib/gcc/nios2-elf/4.7.3/../../../../../H-i686-mingw32/nios2-elf/lib/mno-hw-mul\libc.a(lib_a-lseekr.o)
 .debug_info    0x0000de6b      0x9cb c:/altera/13.1/nios2eds/bin/gnu/h-i686-mingw32/bin/../lib/gcc/nios2-elf/4.7.3/../../../../../H-i686-mingw32/nios2-elf/lib/mno-hw-mul\libc.a(lib_a-readr.o)
 .debug_info    0x0000e836      0x350 ../gamee_bsp/\libhal_bsp.a(alt_close.o)
 .debug_info    0x0000eb86      0x4e3 ../gamee_bsp/\libhal_bsp.a(alt_dev.o)
 .debug_info    0x0000f069       0xa3 ../gamee_bsp/\libhal_bsp.a(alt_errno.o)
 .debug_info    0x0000f10c      0x4d8 ../gamee_bsp/\libhal_bsp.a(alt_fstat.o)
 .debug_info    0x0000f5e4      0x4db ../gamee_bsp/\libhal_bsp.a(alt_isatty.o)
 .debug_info    0x0000fabf      0x135 ../gamee_bsp/\libhal_bsp.a(alt_load.o)
 .debug_info    0x0000fbf4      0x381 ../gamee_bsp/\libhal_bsp.a(alt_lseek.o)
 .debug_info    0x0000ff75      0x139 ../gamee_bsp/\libhal_bsp.a(alt_main.o)
 .debug_info    0x000100ae      0x950 ../gamee_bsp/\libhal_bsp.a(alt_malloc_lock.o)
 .debug_info    0x000109fe      0x500 ../gamee_bsp/\libhal_bsp.a(alt_read.o)
 .debug_info    0x00010efe      0x2dd ../gamee_bsp/\libhal_bsp.a(alt_release_fd.o)
 .debug_info    0x000111db      0x1b2 ../gamee_bsp/\libhal_bsp.a(alt_sbrk.o)
 .debug_info    0x0001138d      0x507 ../gamee_bsp/\libhal_bsp.a(alt_write.o)
 .debug_info    0x00011894      0x51f ../gamee_bsp/\libhal_bsp.a(alt_sys_init.o)
 .debug_info    0x00011db3      0x58a ../gamee_bsp/\libhal_bsp.a(altera_avalon_jtag_uart_fd.o)
 .debug_info    0x0001233d      0x3d8 ../gamee_bsp/\libhal_bsp.a(altera_avalon_jtag_uart_init.o)
 .debug_info    0x00012715      0x2a9 ../gamee_bsp/\libhal_bsp.a(altera_avalon_jtag_uart_ioctl.o)
 .debug_info    0x000129be      0x371 ../gamee_bsp/\libhal_bsp.a(altera_avalon_jtag_uart_read.o)
 .debug_info    0x00012d2f      0x36c ../gamee_bsp/\libhal_bsp.a(altera_avalon_jtag_uart_write.o)
 .debug_info    0x0001309b      0x2e4 ../gamee_bsp/\libhal_bsp.a(alt_alarm_start.o)
 .debug_info    0x0001337f       0x90 ../gamee_bsp/\libhal_bsp.a(alt_dcache_flush_all.o)
 .debug_info    0x0001340f      0x1b9 ../gamee_bsp/\libhal_bsp.a(alt_dev_llist_insert.o)
 .debug_info    0x000135c8       0x8d ../gamee_bsp/\libhal_bsp.a(alt_do_ctors.o)
 .debug_info    0x00013655       0x8d ../gamee_bsp/\libhal_bsp.a(alt_do_dtors.o)
 .debug_info    0x000136e2       0x90 ../gamee_bsp/\libhal_bsp.a(alt_icache_flush_all.o)
 .debug_info    0x00013772      0x364 ../gamee_bsp/\libhal_bsp.a(alt_iic.o)
 .debug_info    0x00013ad6      0x1f6 ../gamee_bsp/\libhal_bsp.a(alt_iic_isr_register.o)
 .debug_info    0x00013ccc      0x4f0 ../gamee_bsp/\libhal_bsp.a(alt_io_redirect.o)
 .debug_info    0x000141bc       0x6a ../gamee_bsp/\libhal_bsp.a(alt_irq_entry.o)
 .debug_info    0x00014226      0x190 ../gamee_bsp/\libhal_bsp.a(alt_irq_handler.o)
 .debug_info    0x000143b6       0x8a ../gamee_bsp/\libhal_bsp.a(alt_irq_vars.o)
 .debug_info    0x00014440      0x3f0 ../gamee_bsp/\libhal_bsp.a(alt_open.o)
 .debug_info    0x00014830      0x2b1 ../gamee_bsp/\libhal_bsp.a(alt_tick.o)
 .debug_info    0x00014ae1       0x90 ../gamee_bsp/\libhal_bsp.a(altera_nios2_qsys_irq.o)
 .debug_info    0x00014b71       0x70 ../gamee_bsp/\libhal_bsp.a(alt_exception_entry.o)
 .debug_info    0x00014be1      0x30d ../gamee_bsp/\libhal_bsp.a(alt_find_dev.o)
 .debug_info    0x00014eee      0x30c ../gamee_bsp/\libhal_bsp.a(alt_find_file.o)
 .debug_info    0x000151fa      0x339 ../gamee_bsp/\libhal_bsp.a(alt_get_fd.o)
 .debug_info    0x00015533      0x1e6 c:/altera/13.1/nios2eds/bin/gnu/h-i686-mingw32/bin/../lib/gcc/nios2-elf/4.7.3/../../../../../H-i686-mingw32/nios2-elf/lib/mno-hw-mul\libc.a(lib_a-atexit.o)
 .debug_info    0x00015719      0x993 c:/altera/13.1/nios2eds/bin/gnu/h-i686-mingw32/bin/../lib/gcc/nios2-elf/4.7.3/../../../../../H-i686-mingw32/nios2-elf/lib/mno-hw-mul\libc.a(lib_a-exit.o)
 .debug_info    0x000160ac      0x117 c:/altera/13.1/nios2eds/bin/gnu/h-i686-mingw32/bin/../lib/gcc/nios2-elf/4.7.3/../../../../../H-i686-mingw32/nios2-elf/lib/mno-hw-mul\libc.a(lib_a-memcmp.o)
 .debug_info    0x000161c3      0x9f9 c:/altera/13.1/nios2eds/bin/gnu/h-i686-mingw32/bin/../lib/gcc/nios2-elf/4.7.3/../../../../../H-i686-mingw32/nios2-elf/lib/mno-hw-mul\libc.a(lib_a-__atexit.o)
 .debug_info    0x00016bbc      0xa07 c:/altera/13.1/nios2eds/bin/gnu/h-i686-mingw32/bin/../lib/gcc/nios2-elf/4.7.3/../../../../../H-i686-mingw32/nios2-elf/lib/mno-hw-mul\libc.a(lib_a-__call_atexit.o)
 .debug_info    0x000175c3       0xec ../gamee_bsp/\libhal_bsp.a(alt_exit.o)

.debug_abbrev   0x00000000     0x5a55
 *(.debug_abbrev)
 .debug_abbrev  0x00000000       0x12 ../gamee_bsp//obj/HAL/src/crt0.o
 .debug_abbrev  0x00000012      0x114 obj/default/main.o
 .debug_abbrev  0x00000126       0x6f c:/altera/13.1/nios2eds/bin/gnu/h-i686-mingw32/bin/../lib/gcc/nios2-elf/4.7.3/mno-hw-mul\libgcc.a(lib2-mul.o)
 .debug_abbrev  0x00000195      0x208 c:/altera/13.1/nios2eds/bin/gnu/h-i686-mingw32/bin/../lib/gcc/nios2-elf/4.7.3/../../../../../H-i686-mingw32/nios2-elf/lib/mno-hw-mul\libc.a(lib_a-puts.o)
 .debug_abbrev  0x0000039d       0x90 c:/altera/13.1/nios2eds/bin/gnu/h-i686-mingw32/bin/../lib/gcc/nios2-elf/4.7.3/../../../../../H-i686-mingw32/nios2-elf/lib/mno-hw-mul\libc.a(lib_a-strlen.o)
 .debug_abbrev  0x0000042d      0x234 c:/altera/13.1/nios2eds/bin/gnu/h-i686-mingw32/bin/../lib/gcc/nios2-elf/4.7.3/../../../../../H-i686-mingw32/nios2-elf/lib/mno-hw-mul\libc.a(lib_a-fvwrite.o)
 .debug_abbrev  0x00000661      0x162 c:/altera/13.1/nios2eds/bin/gnu/h-i686-mingw32/bin/../lib/gcc/nios2-elf/4.7.3/../../../../../H-i686-mingw32/nios2-elf/lib/mno-hw-mul\libc.a(lib_a-impure.o)
 .debug_abbrev  0x000007c3      0x284 c:/altera/13.1/nios2eds/bin/gnu/h-i686-mingw32/bin/../lib/gcc/nios2-elf/4.7.3/../../../../../H-i686-mingw32/nios2-elf/lib/mno-hw-mul\libc.a(lib_a-mallocr.o)
 .debug_abbrev  0x00000a47       0xab c:/altera/13.1/nios2eds/bin/gnu/h-i686-mingw32/bin/../lib/gcc/nios2-elf/4.7.3/../../../../../H-i686-mingw32/nios2-elf/lib/mno-hw-mul\libc.a(lib_a-memchr.o)
 .debug_abbrev  0x00000af2       0x9c c:/altera/13.1/nios2eds/bin/gnu/h-i686-mingw32/bin/../lib/gcc/nios2-elf/4.7.3/../../../../../H-i686-mingw32/nios2-elf/lib/mno-hw-mul\libc.a(lib_a-memcpy.o)
 .debug_abbrev  0x00000b8e       0x9c c:/altera/13.1/nios2eds/bin/gnu/h-i686-mingw32/bin/../lib/gcc/nios2-elf/4.7.3/../../../../../H-i686-mingw32/nios2-elf/lib/mno-hw-mul\libc.a(lib_a-memmove.o)
 .debug_abbrev  0x00000c2a      0x242 c:/altera/13.1/nios2eds/bin/gnu/h-i686-mingw32/bin/../lib/gcc/nios2-elf/4.7.3/../../../../../H-i686-mingw32/nios2-elf/lib/mno-hw-mul\libc.a(lib_a-reallocr.o)
 .debug_abbrev  0x00000e6c      0x1df c:/altera/13.1/nios2eds/bin/gnu/h-i686-mingw32/bin/../lib/gcc/nios2-elf/4.7.3/../../../../../H-i686-mingw32/nios2-elf/lib/mno-hw-mul\libc.a(lib_a-sbrkr.o)
 .debug_abbrev  0x0000104b      0x1d5 c:/altera/13.1/nios2eds/bin/gnu/h-i686-mingw32/bin/../lib/gcc/nios2-elf/4.7.3/../../../../../H-i686-mingw32/nios2-elf/lib/mno-hw-mul\libc.a(lib_a-wsetup.o)
 .debug_abbrev  0x00001220      0x259 c:/altera/13.1/nios2eds/bin/gnu/h-i686-mingw32/bin/../lib/gcc/nios2-elf/4.7.3/../../../../../H-i686-mingw32/nios2-elf/lib/mno-hw-mul\libc.a(lib_a-fflush.o)
 .debug_abbrev  0x00001479      0x333 c:/altera/13.1/nios2eds/bin/gnu/h-i686-mingw32/bin/../lib/gcc/nios2-elf/4.7.3/../../../../../H-i686-mingw32/nios2-elf/lib/mno-hw-mul\libc.a(lib_a-findfp.o)
 .debug_abbrev  0x000017ac      0x25d c:/altera/13.1/nios2eds/bin/gnu/h-i686-mingw32/bin/../lib/gcc/nios2-elf/4.7.3/../../../../../H-i686-mingw32/nios2-elf/lib/mno-hw-mul\libc.a(lib_a-freer.o)
 .debug_abbrev  0x00001a09      0x224 c:/altera/13.1/nios2eds/bin/gnu/h-i686-mingw32/bin/../lib/gcc/nios2-elf/4.7.3/../../../../../H-i686-mingw32/nios2-elf/lib/mno-hw-mul\libc.a(lib_a-fwalk.o)
 .debug_abbrev  0x00001c2d       0x37 c:/altera/13.1/nios2eds/bin/gnu/h-i686-mingw32/bin/../lib/gcc/nios2-elf/4.7.3/../../../../../H-i686-mingw32/nios2-elf/lib/mno-hw-mul\libc.a(lib_a-int_errno.o)
 .debug_abbrev  0x00001c64      0x1e8 c:/altera/13.1/nios2eds/bin/gnu/h-i686-mingw32/bin/../lib/gcc/nios2-elf/4.7.3/../../../../../H-i686-mingw32/nios2-elf/lib/mno-hw-mul\libc.a(lib_a-makebuf.o)
 .debug_abbrev  0x00001e4c       0xac c:/altera/13.1/nios2eds/bin/gnu/h-i686-mingw32/bin/../lib/gcc/nios2-elf/4.7.3/../../../../../H-i686-mingw32/nios2-elf/lib/mno-hw-mul\libc.a(lib_a-memset.o)
 .debug_abbrev  0x00001ef8      0x226 c:/altera/13.1/nios2eds/bin/gnu/h-i686-mingw32/bin/../lib/gcc/nios2-elf/4.7.3/../../../../../H-i686-mingw32/nios2-elf/lib/mno-hw-mul\libc.a(lib_a-stdio.o)
 .debug_abbrev  0x0000211e      0x1c0 c:/altera/13.1/nios2eds/bin/gnu/h-i686-mingw32/bin/../lib/gcc/nios2-elf/4.7.3/../../../../../H-i686-mingw32/nios2-elf/lib/mno-hw-mul\libc.a(lib_a-writer.o)
 .debug_abbrev  0x000022de      0x1bb c:/altera/13.1/nios2eds/bin/gnu/h-i686-mingw32/bin/../lib/gcc/nios2-elf/4.7.3/../../../../../H-i686-mingw32/nios2-elf/lib/mno-hw-mul\libc.a(lib_a-closer.o)
 .debug_abbrev  0x00002499      0x24e c:/altera/13.1/nios2eds/bin/gnu/h-i686-mingw32/bin/../lib/gcc/nios2-elf/4.7.3/../../../../../H-i686-mingw32/nios2-elf/lib/mno-hw-mul\libc.a(lib_a-fclose.o)
 .debug_abbrev  0x000026e7      0x1ca c:/altera/13.1/nios2eds/bin/gnu/h-i686-mingw32/bin/../lib/gcc/nios2-elf/4.7.3/../../../../../H-i686-mingw32/nios2-elf/lib/mno-hw-mul\libc.a(lib_a-fstatr.o)
 .debug_abbrev  0x000028b1      0x1bb c:/altera/13.1/nios2eds/bin/gnu/h-i686-mingw32/bin/../lib/gcc/nios2-elf/4.7.3/../../../../../H-i686-mingw32/nios2-elf/lib/mno-hw-mul\libc.a(lib_a-isattyr.o)
 .debug_abbrev  0x00002a6c      0x1ca c:/altera/13.1/nios2eds/bin/gnu/h-i686-mingw32/bin/../lib/gcc/nios2-elf/4.7.3/../../../../../H-i686-mingw32/nios2-elf/lib/mno-hw-mul\libc.a(lib_a-lseekr.o)
 .debug_abbrev  0x00002c36      0x1bb c:/altera/13.1/nios2eds/bin/gnu/h-i686-mingw32/bin/../lib/gcc/nios2-elf/4.7.3/../../../../../H-i686-mingw32/nios2-elf/lib/mno-hw-mul\libc.a(lib_a-readr.o)
 .debug_abbrev  0x00002df1      0x11f ../gamee_bsp/\libhal_bsp.a(alt_close.o)
 .debug_abbrev  0x00002f10       0xd9 ../gamee_bsp/\libhal_bsp.a(alt_dev.o)
 .debug_abbrev  0x00002fe9       0x5a ../gamee_bsp/\libhal_bsp.a(alt_errno.o)
 .debug_abbrev  0x00003043      0x11f ../gamee_bsp/\libhal_bsp.a(alt_fstat.o)
 .debug_abbrev  0x00003162      0x11f ../gamee_bsp/\libhal_bsp.a(alt_isatty.o)
 .debug_abbrev  0x00003281       0x9d ../gamee_bsp/\libhal_bsp.a(alt_load.o)
 .debug_abbrev  0x0000331e      0x11f ../gamee_bsp/\libhal_bsp.a(alt_lseek.o)
 .debug_abbrev  0x0000343d       0xba ../gamee_bsp/\libhal_bsp.a(alt_main.o)
 .debug_abbrev  0x000034f7      0x187 ../gamee_bsp/\libhal_bsp.a(alt_malloc_lock.o)
 .debug_abbrev  0x0000367e      0x12e ../gamee_bsp/\libhal_bsp.a(alt_read.o)
 .debug_abbrev  0x000037ac       0xde ../gamee_bsp/\libhal_bsp.a(alt_release_fd.o)
 .debug_abbrev  0x0000388a      0x112 ../gamee_bsp/\libhal_bsp.a(alt_sbrk.o)
 .debug_abbrev  0x0000399c      0x133 ../gamee_bsp/\libhal_bsp.a(alt_write.o)
 .debug_abbrev  0x00003acf      0x176 ../gamee_bsp/\libhal_bsp.a(alt_sys_init.o)
 .debug_abbrev  0x00003c45      0x118 ../gamee_bsp/\libhal_bsp.a(altera_avalon_jtag_uart_fd.o)
 .debug_abbrev  0x00003d5d      0x18f ../gamee_bsp/\libhal_bsp.a(altera_avalon_jtag_uart_init.o)
 .debug_abbrev  0x00003eec      0x102 ../gamee_bsp/\libhal_bsp.a(altera_avalon_jtag_uart_ioctl.o)
 .debug_abbrev  0x00003fee      0x19b ../gamee_bsp/\libhal_bsp.a(altera_avalon_jtag_uart_read.o)
 .debug_abbrev  0x00004189      0x199 ../gamee_bsp/\libhal_bsp.a(altera_avalon_jtag_uart_write.o)
 .debug_abbrev  0x00004322      0x162 ../gamee_bsp/\libhal_bsp.a(alt_alarm_start.o)
 .debug_abbrev  0x00004484       0x42 ../gamee_bsp/\libhal_bsp.a(alt_dcache_flush_all.o)
 .debug_abbrev  0x000044c6      0x114 ../gamee_bsp/\libhal_bsp.a(alt_dev_llist_insert.o)
 .debug_abbrev  0x000045da       0x79 ../gamee_bsp/\libhal_bsp.a(alt_do_ctors.o)
 .debug_abbrev  0x00004653       0x79 ../gamee_bsp/\libhal_bsp.a(alt_do_dtors.o)
 .debug_abbrev  0x000046cc       0x42 ../gamee_bsp/\libhal_bsp.a(alt_icache_flush_all.o)
 .debug_abbrev  0x0000470e      0x16a ../gamee_bsp/\libhal_bsp.a(alt_iic.o)
 .debug_abbrev  0x00004878      0x169 ../gamee_bsp/\libhal_bsp.a(alt_iic_isr_register.o)
 .debug_abbrev  0x000049e1      0x114 ../gamee_bsp/\libhal_bsp.a(alt_io_redirect.o)
 .debug_abbrev  0x00004af5       0x12 ../gamee_bsp/\libhal_bsp.a(alt_irq_entry.o)
 .debug_abbrev  0x00004b07      0x124 ../gamee_bsp/\libhal_bsp.a(alt_irq_handler.o)
 .debug_abbrev  0x00004c2b       0x40 ../gamee_bsp/\libhal_bsp.a(alt_irq_vars.o)
 .debug_abbrev  0x00004c6b      0x148 ../gamee_bsp/\libhal_bsp.a(alt_open.o)
 .debug_abbrev  0x00004db3      0x15a ../gamee_bsp/\libhal_bsp.a(alt_tick.o)
 .debug_abbrev  0x00004f0d       0x42 ../gamee_bsp/\libhal_bsp.a(altera_nios2_qsys_irq.o)
 .debug_abbrev  0x00004f4f       0x12 ../gamee_bsp/\libhal_bsp.a(alt_exception_entry.o)
 .debug_abbrev  0x00004f61       0xf0 ../gamee_bsp/\libhal_bsp.a(alt_find_dev.o)
 .debug_abbrev  0x00005051       0xf0 ../gamee_bsp/\libhal_bsp.a(alt_find_file.o)
 .debug_abbrev  0x00005141      0x10d ../gamee_bsp/\libhal_bsp.a(alt_get_fd.o)
 .debug_abbrev  0x0000524e      0x106 c:/altera/13.1/nios2eds/bin/gnu/h-i686-mingw32/bin/../lib/gcc/nios2-elf/4.7.3/../../../../../H-i686-mingw32/nios2-elf/lib/mno-hw-mul\libc.a(lib_a-atexit.o)
 .debug_abbrev  0x00005354      0x1c8 c:/altera/13.1/nios2eds/bin/gnu/h-i686-mingw32/bin/../lib/gcc/nios2-elf/4.7.3/../../../../../H-i686-mingw32/nios2-elf/lib/mno-hw-mul\libc.a(lib_a-exit.o)
 .debug_abbrev  0x0000551c       0x7f c:/altera/13.1/nios2eds/bin/gnu/h-i686-mingw32/bin/../lib/gcc/nios2-elf/4.7.3/../../../../../H-i686-mingw32/nios2-elf/lib/mno-hw-mul\libc.a(lib_a-memcmp.o)
 .debug_abbrev  0x0000559b      0x211 c:/altera/13.1/nios2eds/bin/gnu/h-i686-mingw32/bin/../lib/gcc/nios2-elf/4.7.3/../../../../../H-i686-mingw32/nios2-elf/lib/mno-hw-mul\libc.a(lib_a-__atexit.o)
 .debug_abbrev  0x000057ac      0x203 c:/altera/13.1/nios2eds/bin/gnu/h-i686-mingw32/bin/../lib/gcc/nios2-elf/4.7.3/../../../../../H-i686-mingw32/nios2-elf/lib/mno-hw-mul\libc.a(lib_a-__call_atexit.o)
 .debug_abbrev  0x000059af       0xa6 ../gamee_bsp/\libhal_bsp.a(alt_exit.o)

.debug_line     0x00000000     0x6bda
 *(.debug_line)
 .debug_line    0x00000000       0x66 ../gamee_bsp//obj/HAL/src/crt0.o
 .debug_line    0x00000066      0x107 obj/default/main.o
 .debug_line    0x0000016d       0x80 c:/altera/13.1/nios2eds/bin/gnu/h-i686-mingw32/bin/../lib/gcc/nios2-elf/4.7.3/mno-hw-mul\libgcc.a(lib2-mul.o)
 .debug_line    0x000001ed      0x238 c:/altera/13.1/nios2eds/bin/gnu/h-i686-mingw32/bin/../lib/gcc/nios2-elf/4.7.3/../../../../../H-i686-mingw32/nios2-elf/lib/mno-hw-mul\libc.a(lib_a-puts.o)
 .debug_line    0x00000425      0x185 c:/altera/13.1/nios2eds/bin/gnu/h-i686-mingw32/bin/../lib/gcc/nios2-elf/4.7.3/../../../../../H-i686-mingw32/nios2-elf/lib/mno-hw-mul\libc.a(lib_a-strlen.o)
 .debug_line    0x000005aa      0x363 c:/altera/13.1/nios2eds/bin/gnu/h-i686-mingw32/bin/../lib/gcc/nios2-elf/4.7.3/../../../../../H-i686-mingw32/nios2-elf/lib/mno-hw-mul\libc.a(lib_a-fvwrite.o)
 .debug_line    0x0000090d      0x176 c:/altera/13.1/nios2eds/bin/gnu/h-i686-mingw32/bin/../lib/gcc/nios2-elf/4.7.3/../../../../../H-i686-mingw32/nios2-elf/lib/mno-hw-mul\libc.a(lib_a-impure.o)
 .debug_line    0x00000a83      0x424 c:/altera/13.1/nios2eds/bin/gnu/h-i686-mingw32/bin/../lib/gcc/nios2-elf/4.7.3/../../../../../H-i686-mingw32/nios2-elf/lib/mno-hw-mul\libc.a(lib_a-mallocr.o)
 .debug_line    0x00000ea7      0x1f4 c:/altera/13.1/nios2eds/bin/gnu/h-i686-mingw32/bin/../lib/gcc/nios2-elf/4.7.3/../../../../../H-i686-mingw32/nios2-elf/lib/mno-hw-mul\libc.a(lib_a-memchr.o)
 .debug_line    0x0000109b      0x144 c:/altera/13.1/nios2eds/bin/gnu/h-i686-mingw32/bin/../lib/gcc/nios2-elf/4.7.3/../../../../../H-i686-mingw32/nios2-elf/lib/mno-hw-mul\libc.a(lib_a-memcpy.o)
 .debug_line    0x000011df      0x1f9 c:/altera/13.1/nios2eds/bin/gnu/h-i686-mingw32/bin/../lib/gcc/nios2-elf/4.7.3/../../../../../H-i686-mingw32/nios2-elf/lib/mno-hw-mul\libc.a(lib_a-memmove.o)
 .debug_line    0x000013d8      0x333 c:/altera/13.1/nios2eds/bin/gnu/h-i686-mingw32/bin/../lib/gcc/nios2-elf/4.7.3/../../../../../H-i686-mingw32/nios2-elf/lib/mno-hw-mul\libc.a(lib_a-reallocr.o)
 .debug_line    0x0000170b      0x215 c:/altera/13.1/nios2eds/bin/gnu/h-i686-mingw32/bin/../lib/gcc/nios2-elf/4.7.3/../../../../../H-i686-mingw32/nios2-elf/lib/mno-hw-mul\libc.a(lib_a-sbrkr.o)
 .debug_line    0x00001920      0x26e c:/altera/13.1/nios2eds/bin/gnu/h-i686-mingw32/bin/../lib/gcc/nios2-elf/4.7.3/../../../../../H-i686-mingw32/nios2-elf/lib/mno-hw-mul\libc.a(lib_a-wsetup.o)
 .debug_line    0x00001b8e      0x29f c:/altera/13.1/nios2eds/bin/gnu/h-i686-mingw32/bin/../lib/gcc/nios2-elf/4.7.3/../../../../../H-i686-mingw32/nios2-elf/lib/mno-hw-mul\libc.a(lib_a-fflush.o)
 .debug_line    0x00001e2d      0x2ea c:/altera/13.1/nios2eds/bin/gnu/h-i686-mingw32/bin/../lib/gcc/nios2-elf/4.7.3/../../../../../H-i686-mingw32/nios2-elf/lib/mno-hw-mul\libc.a(lib_a-findfp.o)
 .debug_line    0x00002117      0x314 c:/altera/13.1/nios2eds/bin/gnu/h-i686-mingw32/bin/../lib/gcc/nios2-elf/4.7.3/../../../../../H-i686-mingw32/nios2-elf/lib/mno-hw-mul\libc.a(lib_a-freer.o)
 .debug_line    0x0000242b      0x25c c:/altera/13.1/nios2eds/bin/gnu/h-i686-mingw32/bin/../lib/gcc/nios2-elf/4.7.3/../../../../../H-i686-mingw32/nios2-elf/lib/mno-hw-mul\libc.a(lib_a-fwalk.o)
 .debug_line    0x00002687       0x60 c:/altera/13.1/nios2eds/bin/gnu/h-i686-mingw32/bin/../lib/gcc/nios2-elf/4.7.3/../../../../../H-i686-mingw32/nios2-elf/lib/mno-hw-mul\libc.a(lib_a-int_errno.o)
 .debug_line    0x000026e7      0x296 c:/altera/13.1/nios2eds/bin/gnu/h-i686-mingw32/bin/../lib/gcc/nios2-elf/4.7.3/../../../../../H-i686-mingw32/nios2-elf/lib/mno-hw-mul\libc.a(lib_a-makebuf.o)
 .debug_line    0x0000297d      0x1f4 c:/altera/13.1/nios2eds/bin/gnu/h-i686-mingw32/bin/../lib/gcc/nios2-elf/4.7.3/../../../../../H-i686-mingw32/nios2-elf/lib/mno-hw-mul\libc.a(lib_a-memset.o)
 .debug_line    0x00002b71      0x248 c:/altera/13.1/nios2eds/bin/gnu/h-i686-mingw32/bin/../lib/gcc/nios2-elf/4.7.3/../../../../../H-i686-mingw32/nios2-elf/lib/mno-hw-mul\libc.a(lib_a-stdio.o)
 .debug_line    0x00002db9      0x216 c:/altera/13.1/nios2eds/bin/gnu/h-i686-mingw32/bin/../lib/gcc/nios2-elf/4.7.3/../../../../../H-i686-mingw32/nios2-elf/lib/mno-hw-mul\libc.a(lib_a-writer.o)
 .debug_line    0x00002fcf      0x216 c:/altera/13.1/nios2eds/bin/gnu/h-i686-mingw32/bin/../lib/gcc/nios2-elf/4.7.3/../../../../../H-i686-mingw32/nios2-elf/lib/mno-hw-mul\libc.a(lib_a-closer.o)
 .debug_line    0x000031e5      0x269 c:/altera/13.1/nios2eds/bin/gnu/h-i686-mingw32/bin/../lib/gcc/nios2-elf/4.7.3/../../../../../H-i686-mingw32/nios2-elf/lib/mno-hw-mul\libc.a(lib_a-fclose.o)
 .debug_line    0x0000344e      0x21f c:/altera/13.1/nios2eds/bin/gnu/h-i686-mingw32/bin/../lib/gcc/nios2-elf/4.7.3/../../../../../H-i686-mingw32/nios2-elf/lib/mno-hw-mul\libc.a(lib_a-fstatr.o)
 .debug_line    0x0000366d      0x217 c:/altera/13.1/nios2eds/bin/gnu/h-i686-mingw32/bin/../lib/gcc/nios2-elf/4.7.3/../../../../../H-i686-mingw32/nios2-elf/lib/mno-hw-mul\libc.a(lib_a-isattyr.o)
 .debug_line    0x00003884      0x221 c:/altera/13.1/nios2eds/bin/gnu/h-i686-mingw32/bin/../lib/gcc/nios2-elf/4.7.3/../../../../../H-i686-mingw32/nios2-elf/lib/mno-hw-mul\libc.a(lib_a-lseekr.o)
 .debug_line    0x00003aa5      0x215 c:/altera/13.1/nios2eds/bin/gnu/h-i686-mingw32/bin/../lib/gcc/nios2-elf/4.7.3/../../../../../H-i686-mingw32/nios2-elf/lib/mno-hw-mul\libc.a(lib_a-readr.o)
 .debug_line    0x00003cba      0x186 ../gamee_bsp/\libhal_bsp.a(alt_close.o)
 .debug_line    0x00003e40      0x119 ../gamee_bsp/\libhal_bsp.a(alt_dev.o)
 .debug_line    0x00003f59       0x51 ../gamee_bsp/\libhal_bsp.a(alt_errno.o)
 .debug_line    0x00003faa      0x180 ../gamee_bsp/\libhal_bsp.a(alt_fstat.o)
 .debug_line    0x0000412a      0x180 ../gamee_bsp/\libhal_bsp.a(alt_isatty.o)
 .debug_line    0x000042aa       0x92 ../gamee_bsp/\libhal_bsp.a(alt_load.o)
 .debug_line    0x0000433c      0x184 ../gamee_bsp/\libhal_bsp.a(alt_lseek.o)
 .debug_line    0x000044c0       0xa4 ../gamee_bsp/\libhal_bsp.a(alt_main.o)
 .debug_line    0x00004564      0x13f ../gamee_bsp/\libhal_bsp.a(alt_malloc_lock.o)
 .debug_line    0x000046a3      0x1f9 ../gamee_bsp/\libhal_bsp.a(alt_read.o)
 .debug_line    0x0000489c       0xb0 ../gamee_bsp/\libhal_bsp.a(alt_release_fd.o)
 .debug_line    0x0000494c      0x114 ../gamee_bsp/\libhal_bsp.a(alt_sbrk.o)
 .debug_line    0x00004a60      0x1f8 ../gamee_bsp/\libhal_bsp.a(alt_write.o)