------------------------------------------------------------
TimeQuest Timing Analyzer Summary
------------------------------------------------------------

Type  : Slow 1200mV 85C Model Setup 'clock_25'
Slack : -1.327
TNS   : -25.211

Type  : Slow 1200mV 85C Model Setup 'CLOCK_50'
Slack : 0.171
TNS   : 0.000

Type  : Slow 1200mV 85C Model Hold 'CLOCK_50'
Slack : -0.215
TNS   : -0.215

Type  : Slow 1200mV 85C Model Hold 'clock_25'
Slack : 0.389
TNS   : 0.000

Type  : Slow 1200mV 85C Model Minimum Pulse Width 'CLOCK_50'
Slack : -3.000
TNS   : -4.000

Type  : Slow 1200mV 85C Model Minimum Pulse Width 'clock_25'
Slack : -1.000
TNS   : -20.000

Type  : Slow 1200mV 0C Model Setup 'clock_25'
Slack : -1.087
TNS   : -20.616

Type  : Slow 1200mV 0C Model Setup 'CLOCK_50'
Slack : 0.280
TNS   : 0.000

Type  : Slow 1200mV 0C Model Hold 'CLOCK_50'
Slack : -0.282
TNS   : -0.282

Type  : Slow 1200mV 0C Model Hold 'clock_25'
Slack : 0.346
TNS   : 0.000

Type  : Slow 1200mV 0C Model Minimum Pulse Width 'CLOCK_50'
Slack : -3.000
TNS   : -4.000

Type  : Slow 1200mV 0C Model Minimum Pulse Width 'clock_25'
Slack : -1.000
TNS   : -20.000

Type  : Fast 1200mV 0C Model Setup 'clock_25'
Slack : -0.287
TNS   : -4.759

Type  : Fast 1200mV 0C Model Setup 'CLOCK_50'
Slack : 0.280
TNS   : 0.000

Type  : Fast 1200mV 0C Model Hold 'CLOCK_50'
Slack : -0.110
TNS   : -0.110

Type  : Fast 1200mV 0C Model Hold 'clock_25'
Slack : 0.205
TNS   : 0.000

Type  : Fast 1200mV 0C Model Minimum Pulse Width 'CLOCK_50'
Slack : -3.000
TNS   : -4.082

Type  : Fast 1200mV 0C Model Minimum Pulse Width 'clock_25'
Slack : -1.000
TNS   : -20.000

------------------------------------------------------------
